<html>
<body>
<pre>
<h1>µVision Build Log</h1>
<h2>Tool Versions:</h2>
IDE-Version: µVision V5.35.0.0
Copyright (C) 2021 ARM Ltd and ARM Germany GmbH. All rights reserved.
License Information: Ape Hamski, Space, LIC=HF82M-XS0PP-D3IM3-A6TLE-HAENL-CXDCS
 
Tool Versions:
Toolchain:       MDK-ARM Professional  Version: 5.35.0.2
Toolchain Path:  C:\Keil_v5\ARM\ARMCLANG\Bin
C Compiler:      ArmClang.exe V6.16
Assembler:       Armasm.exe V6.16
Linker/Locator:  ArmLink.exe V6.16
Library Manager: ArmAr.exe V6.16
Hex Converter:   FromElf.exe V6.16
CPU DLL:         SARMCM3.DLL V5.35.0.2
Dialog DLL:      DCM.DLL V1.17.3.0
Target DLL:      Segger\JL2CM3.dll V2.99.40.0
Dialog DLL:      TCM.DLL V1.53.0.0
 
<h2>Project:</h2>
C:\Users\DV\Desktop\MDR\girlanda2023\girlanda2023.uvprojx
Project File Date:  12/27/2022

<h2>Output:</h2>
*** Using Compiler 'V6.16', folder: 'C:\Keil_v5\ARM\ARMCLANG\Bin'
Build target 'Target 1'
led_funcs.c(1): warning: In file included from...
./led_funcs.h(1): warning: In file included from...
C:/Users/DV/AppData/Local/Arm/Packs/Keil/MDR1986BExx/2.0.0/Libraries/SPL/MDR32Fx/inc\MDR32F9Qx_rst_clk.h(32): warning: In file included from...
./RTE/Device/MDR1986BE92\MDR32F9Qx_config.h(68): warning: In file included from...
C:/Users/DV/AppData/Local/Arm/Packs/Keil/MDR1986BExx/2.0.0/Libraries/CMSIS/MDR32Fx/DeviceSupport/MDR1986VE9x/inc\MDR32Fx.h(80): warning: In file included from...
C:/Users/DV/AppData/Local/Arm/Packs/Keil/MDR1986BExx/2.0.0/Libraries/CMSIS/MDR32Fx/CoreSupport/CM3\core_cm3.h(140): warning: In file included from...
C:/Users/DV/AppData/Local/Arm/Packs/Keil/MDR1986BExx/2.0.0/Libraries/CMSIS/MDR32Fx/CoreSupport/CM3\core_cmInstr.h(448): warning: implicit conversion changes signedness: 'uint32_t' (aka 'unsigned int') to 'int32_t' (aka 'int') [-Wsign-conversion]
  return(result);
  ~~~~~~ ^~~~~~
led_funcs.c(1): warning: In file included from...
./led_funcs.h(1): warning: In file included from...
C:/Users/DV/AppData/Local/Arm/Packs/Keil/MDR1986BExx/2.0.0/Libraries/SPL/MDR32Fx/inc\MDR32F9Qx_rst_clk.h(32): warning: In file included from...
./RTE/Device/MDR1986BE92\MDR32F9Qx_config.h(68): warning: In file included from...
C:/Users/DV/AppData/Local/Arm/Packs/Keil/MDR1986BExx/2.0.0/Libraries/CMSIS/MDR32Fx/DeviceSupport/MDR1986VE9x/inc\MDR32Fx.h(80): warning: In file included from...
C:/Users/DV/AppData/Local/Arm/Packs/Keil/MDR1986BExx/2.0.0/Libraries/CMSIS/MDR32Fx/CoreSupport/CM3\core_cm3.h(1499): warning: function 'NVIC_SystemReset' could be declared with attribute 'noreturn' [-Wmissing-noreturn]
{
^
led_funcs.c(13): warning: unused parameter 'delta_time' [-Wunused-parameter]
void glow_white(double delta_time, uint8_t* data, uint16_t speed)
                       ^
led_funcs.c(13): warning: unused parameter 'speed' [-Wunused-parameter]
void glow_white(double delta_time, uint8_t* data, uint16_t speed)
                                                           ^
led_funcs.c(50): warning: unused parameter 'delta_time' [-Wunused-parameter]
void running_red1(double delta_time, uint8_t* data, uint16_t speed)
                         ^
led_funcs.c(50): warning: unused parameter 'speed' [-Wunused-parameter]
void running_red1(double delta_time, uint8_t* data, uint16_t speed)
                                                             ^
6 warnings generated.
compiling led_funcs.c...
linking...
Program Size: Code=8696 RO-data=568 RW-data=24 ZI-data=4472  
".\Objects\girlanda2023.axf" - 0 Error(s), 6 Warning(s).

<h2>Software Packages used:</h2>

Package Vendor: Keil
                https://ic.milandr.ru/soft/Keil.MDR1986BExx.2.0.0.pack
                Keil.MDR1986BExx.2.0.0
                Milandr MDR1986BExx Series Device Support, Drivers and Examples
   * Component: Startup Version: 2.0.0
   * Component: PORT Version: 2.0.0
   * Component: RST_CLK Version: 2.0.0
   * Component: SSP Version: 2.0.0
   * Component: TIMER Version: 2.0.0

<h2>Collection of Component include folders:</h2>
  .\RTE\Device\MDR1986BE92
  .\RTE\_Target_1
  C:\Users\DV\AppData\Local\Arm\Packs\Keil\MDR1986BExx\2.0.0\Libraries\CMSIS\MDR32Fx\CoreSupport\CM3
  C:\Users\DV\AppData\Local\Arm\Packs\Keil\MDR1986BExx\2.0.0\Libraries\CMSIS\MDR32Fx\DeviceSupport\MDR1986VE9x\inc
  C:\Users\DV\AppData\Local\Arm\Packs\Keil\MDR1986BExx\2.0.0\Libraries\SPL\MDR32Fx\inc

<h2>Collection of Component Files used:</h2>

   * Component: Keil::Device:Startup:2.0.0
      Source file:   Libraries\SPL\MDR32Fx\src\IRQ_Handler_Template\MDR32F9Qx_IT.c
      Source file:   Libraries\CMSIS\MDR32Fx\DeviceSupport\MDR1986VE9x\startup\arm\system_MDR32F9Qx.c
      Include file:  Libraries\CMSIS\MDR32Fx\DeviceSupport\MDR1986VE9x\startup\arm\system_MDR32F9Qx.h
      Include file:  Libraries\SPL\MDR32Fx\MDR32F9Qx_config.h
      Include file:  Libraries\SPL\MDR32Fx\inc\IRQ_Handler_Template\MDR32F9Qx_IT.h
      Source file:   Libraries\CMSIS\MDR32Fx\DeviceSupport\MDR1986VE9x\startup\arm\startup_MDR32F9Qx.S
      Include file:  Libraries\CMSIS\MDR32Fx\DeviceSupport\MDR1986VE9x\inc\MDR32Fx.h
      Include file:  Libraries\CMSIS\MDR32Fx\CoreSupport\CM3\core_cm3.h

   * Component: Keil::Drivers:PORT:2.0.0
      Source file:   Libraries\SPL\MDR32Fx\src\MDR32F9Qx_port.c
      Include file:  Libraries\SPL\MDR32Fx\inc\MDR32F9Qx_port.h

   * Component: Keil::Drivers:RST_CLK:2.0.0
      Include file:  Libraries\SPL\MDR32Fx\inc\MDR32F9Qx_rst_clk.h
      Source file:   Libraries\SPL\MDR32Fx\src\MDR32F9Qx_rst_clk.c

   * Component: Keil::Drivers:SSP:2.0.0
      Include file:  Libraries\SPL\MDR32Fx\inc\MDR32F9Qx_ssp.h
      Source file:   Libraries\SPL\MDR32Fx\src\MDR32F9Qx_ssp.c

   * Component: Keil::Drivers:TIMER:2.0.0
      Include file:  Libraries\SPL\MDR32Fx\inc\MDR32F9Qx_timer.h
      Source file:   Libraries\SPL\MDR32Fx\src\MDR32F9Qx_timer.c
Build Time Elapsed:  00:00:01
</pre>
</body>
</html>
