Archive member included to satisfy reference by file (symbol)

/usr/lib/gcc/arm-none-eabi/10.3.1/../../../arm-none-eabi/lib/thumb/v7-m/nofp/libc_nano.a(lib_a-atexit.o)
                              /usr/lib/gcc/arm-none-eabi/10.3.1/../../../arm-none-eabi/lib/thumb/v7-m/nofp/crt0.o (atexit)
/usr/lib/gcc/arm-none-eabi/10.3.1/../../../arm-none-eabi/lib/thumb/v7-m/nofp/libc_nano.a(lib_a-exit.o)
                              /usr/lib/gcc/arm-none-eabi/10.3.1/../../../arm-none-eabi/lib/thumb/v7-m/nofp/crt0.o (exit)
/usr/lib/gcc/arm-none-eabi/10.3.1/../../../arm-none-eabi/lib/thumb/v7-m/nofp/libc_nano.a(lib_a-fini.o)
                              /usr/lib/gcc/arm-none-eabi/10.3.1/../../../arm-none-eabi/lib/thumb/v7-m/nofp/crt0.o (__libc_fini_array)
/usr/lib/gcc/arm-none-eabi/10.3.1/../../../arm-none-eabi/lib/thumb/v7-m/nofp/libc_nano.a(lib_a-impure.o)
                              /usr/lib/gcc/arm-none-eabi/10.3.1/../../../arm-none-eabi/lib/thumb/v7-m/nofp/libc_nano.a(lib_a-exit.o) (_global_impure_ptr)
/usr/lib/gcc/arm-none-eabi/10.3.1/../../../arm-none-eabi/lib/thumb/v7-m/nofp/libc_nano.a(lib_a-init.o)
                              /usr/lib/gcc/arm-none-eabi/10.3.1/../../../arm-none-eabi/lib/thumb/v7-m/nofp/crt0.o (__libc_init_array)
/usr/lib/gcc/arm-none-eabi/10.3.1/../../../arm-none-eabi/lib/thumb/v7-m/nofp/libc_nano.a(lib_a-memset.o)
                              /usr/lib/gcc/arm-none-eabi/10.3.1/../../../arm-none-eabi/lib/thumb/v7-m/nofp/crt0.o (memset)
/usr/lib/gcc/arm-none-eabi/10.3.1/../../../arm-none-eabi/lib/thumb/v7-m/nofp/libc_nano.a(lib_a-__atexit.o)
                              /usr/lib/gcc/arm-none-eabi/10.3.1/../../../arm-none-eabi/lib/thumb/v7-m/nofp/libc_nano.a(lib_a-atexit.o) (__register_exitproc)
/usr/lib/gcc/arm-none-eabi/10.3.1/../../../arm-none-eabi/lib/thumb/v7-m/nofp/libc_nano.a(lib_a-__call_atexit.o)
                              /usr/lib/gcc/arm-none-eabi/10.3.1/../../../arm-none-eabi/lib/thumb/v7-m/nofp/libc_nano.a(lib_a-__atexit.o) (__call_exitprocs)
/usr/lib/gcc/arm-none-eabi/10.3.1/../../../arm-none-eabi/lib/thumb/v7-m/nofp/libm.a(lib_a-s_floor.o)
                              build/led_funcs.o (symbol from plugin) (floor)
/usr/lib/gcc/arm-none-eabi/10.3.1/../../../arm-none-eabi/lib/thumb/v7-m/nofp/libm.a(lib_a-s_sin.o)
                              build/led_funcs.o (symbol from plugin) (sin)
/usr/lib/gcc/arm-none-eabi/10.3.1/../../../arm-none-eabi/lib/thumb/v7-m/nofp/libm.a(lib_a-e_rem_pio2.o)
                              /usr/lib/gcc/arm-none-eabi/10.3.1/../../../arm-none-eabi/lib/thumb/v7-m/nofp/libm.a(lib_a-s_sin.o) (__ieee754_rem_pio2)
/usr/lib/gcc/arm-none-eabi/10.3.1/../../../arm-none-eabi/lib/thumb/v7-m/nofp/libm.a(lib_a-k_cos.o)
                              /usr/lib/gcc/arm-none-eabi/10.3.1/../../../arm-none-eabi/lib/thumb/v7-m/nofp/libm.a(lib_a-s_sin.o) (__kernel_cos)
/usr/lib/gcc/arm-none-eabi/10.3.1/../../../arm-none-eabi/lib/thumb/v7-m/nofp/libm.a(lib_a-k_rem_pio2.o)
                              /usr/lib/gcc/arm-none-eabi/10.3.1/../../../arm-none-eabi/lib/thumb/v7-m/nofp/libm.a(lib_a-e_rem_pio2.o) (__kernel_rem_pio2)
/usr/lib/gcc/arm-none-eabi/10.3.1/../../../arm-none-eabi/lib/thumb/v7-m/nofp/libm.a(lib_a-k_sin.o)
                              /usr/lib/gcc/arm-none-eabi/10.3.1/../../../arm-none-eabi/lib/thumb/v7-m/nofp/libm.a(lib_a-s_sin.o) (__kernel_sin)
/usr/lib/gcc/arm-none-eabi/10.3.1/../../../arm-none-eabi/lib/thumb/v7-m/nofp/libm.a(lib_a-s_fabs.o)
                              /usr/lib/gcc/arm-none-eabi/10.3.1/../../../arm-none-eabi/lib/thumb/v7-m/nofp/libm.a(lib_a-e_rem_pio2.o) (fabs)
/usr/lib/gcc/arm-none-eabi/10.3.1/../../../arm-none-eabi/lib/thumb/v7-m/nofp/libm.a(lib_a-s_scalbn.o)
                              /usr/lib/gcc/arm-none-eabi/10.3.1/../../../arm-none-eabi/lib/thumb/v7-m/nofp/libm.a(lib_a-k_rem_pio2.o) (scalbn)
/usr/lib/gcc/arm-none-eabi/10.3.1/../../../arm-none-eabi/lib/thumb/v7-m/nofp/libnosys.a(_exit.o)
                              /usr/lib/gcc/arm-none-eabi/10.3.1/../../../arm-none-eabi/lib/thumb/v7-m/nofp/libc_nano.a(lib_a-exit.o) (_exit)
/usr/lib/gcc/arm-none-eabi/10.3.1/thumb/v7-m/nofp/libgcc.a(_arm_muldf3.o)
                              /usr/lib/gcc/arm-none-eabi/10.3.1/../../../arm-none-eabi/lib/thumb/v7-m/nofp/libm.a(lib_a-e_rem_pio2.o) (__aeabi_dmul)
/usr/lib/gcc/arm-none-eabi/10.3.1/thumb/v7-m/nofp/libgcc.a(_arm_addsubdf3.o)
                              /usr/lib/gcc/arm-none-eabi/10.3.1/../../../arm-none-eabi/lib/thumb/v7-m/nofp/libm.a(lib_a-s_sin.o) (__aeabi_dsub)
/usr/lib/gcc/arm-none-eabi/10.3.1/thumb/v7-m/nofp/libgcc.a(_arm_cmpdf2.o)
                              /usr/lib/gcc/arm-none-eabi/10.3.1/../../../arm-none-eabi/lib/thumb/v7-m/nofp/libm.a(lib_a-e_rem_pio2.o) (__aeabi_dcmpeq)
/usr/lib/gcc/arm-none-eabi/10.3.1/thumb/v7-m/nofp/libgcc.a(_arm_fixdfsi.o)
                              /usr/lib/gcc/arm-none-eabi/10.3.1/../../../arm-none-eabi/lib/thumb/v7-m/nofp/libm.a(lib_a-e_rem_pio2.o) (__aeabi_d2iz)
[...]
Memory Configuration

Name             Origin             Length             Attributes
FLASH            0x0000000008000000 0x0000000000020000 xr
RAM              0x0000000020000000 0x0000000000008000 xrw
*default*        0x0000000000000000 0xffffffffffffffff

Linker script and memory map

LOAD /usr/lib/gcc/arm-none-eabi/10.3.1/thumb/v7-m/nofp/crti.o
LOAD /usr/lib/gcc/arm-none-eabi/10.3.1/thumb/v7-m/nofp/crtbegin.o
LOAD /usr/lib/gcc/arm-none-eabi/10.3.1/../../../arm-none-eabi/lib/thumb/v7-m/nofp/crt0.o
LOAD build/inits.o
LOAD /tmp/output.elf.S4J7EQ.ltrans0.ltrans.o
LOAD /tmp/ccv1d1WU.debug.temp.o
LOAD /tmp/ccpO1U5q.debug.temp.o
LOAD /tmp/cc5wOQro.debug.temp.o
LOAD /tmp/ccDrFe3r.debug.temp.o
LOAD /tmp/cc1rKfqI.debug.temp.o
LOAD /tmp/ccjp2lIz.debug.temp.o
LOAD /tmp/cc9qZnO5.debug.temp.o
LOAD /tmp/ccfL6KLI.debug.temp.o
LOAD /tmp/ccb4FqaA.debug.temp.o
LOAD /tmp/ccjuIRyE.debug.temp.o
LOAD /tmp/ccJTzR9J.debug.temp.o
LOAD /tmp/cc0Mn2OG.debug.temp.o
LOAD /tmp/ccwP5iW1.debug.temp.o
LOAD /tmp/ccCNFM2t.debug.temp.o
LOAD /tmp/cccmhURa.debug.temp.o
LOAD /tmp/ccc2aBhJ.debug.temp.o
LOAD /tmp/cccxvpB6.debug.temp.o
LOAD /tmp/ccg6Zdbp.debug.temp.o
LOAD /tmp/cckyYDjc.debug.temp.o
LOAD /tmp/cc0HvYcZ.debug.temp.o
LOAD /tmp/ccy8f0R5.debug.temp.o
LOAD /tmp/ccCS6ovU.debug.temp.o
LOAD /tmp/cco2Sidu.debug.temp.o
LOAD /tmp/cciuvVML.debug.temp.o
LOAD /tmp/cc8qXAux.debug.temp.o
LOAD /tmp/ccfkQR1p.debug.temp.o
LOAD /tmp/ccR2LzeP.debug.temp.o
LOAD /tmp/ccBTtCya.debug.temp.o
LOAD /tmp/ccXJQdf1.debug.temp.o
LOAD /tmp/cchxmFqY.debug.temp.o
LOAD build/irqs.o
LOAD build/joystick.o
LOAD build/led_controls.o
LOAD build/led_funcs.o
LOAD build/main.o
LOAD build/system_MDR32F9Qx.o
LOAD build/MDR32F9Qx_rst_clk.o
LOAD build/MDR32F9Qx_timer.o
LOAD build/MDR32F9Qx_port.o
LOAD build/MDR32F9Qx_ssp.o
LOAD build/MDR32F9Qx_adc.o
LOAD build/MDR32F9Qx_dma.o
LOAD build/MDR32F9Qx_usb.o
LOAD build/MDR32F9Qx_uart.o
LOAD build/MDR32F9Qx_arinc429r.o
LOAD build/MDR32F9Qx_arinc429t.o
LOAD build/MDR32F9Qx_audio.o
LOAD build/MDR32F9Qx_can.o
LOAD build/MDR32F9Qx_comp.o
LOAD build/MDR32F9Qx_dac.o
LOAD build/MDR32F9Qx_ebc.o
LOAD build/MDR32F9Qx_eth.o
LOAD build/MDR32F9Qx_i2c.o
LOAD build/MDR32F9Qx_iwdg.o
LOAD build/MDR32F9Qx_keypad.o
LOAD build/MDR32F9Qx_led.o
LOAD build/MDR32F9Qx_mil_std_1553.o
LOAD build/MDR32F9Qx_power.o
LOAD build/MDR32F9Qx_wwdg.o
LOAD build/startup_MDR32F9Qx.o
LOAD /usr/lib/gcc/arm-none-eabi/10.3.1/../../../arm-none-eabi/lib/thumb/v7-m/nofp/libc_nano.a
LOAD /usr/lib/gcc/arm-none-eabi/10.3.1/../../../arm-none-eabi/lib/thumb/v7-m/nofp/libm.a
LOAD /usr/lib/gcc/arm-none-eabi/10.3.1/../../../arm-none-eabi/lib/thumb/v7-m/nofp/libnosys.a
START GROUP
LOAD /usr/lib/gcc/arm-none-eabi/10.3.1/thumb/v7-m/nofp/libgcc.a
LOAD /usr/lib/gcc/arm-none-eabi/10.3.1/../../../arm-none-eabi/lib/thumb/v7-m/nofp/libc_nano.a
END GROUP
START GROUP
LOAD /usr/lib/gcc/arm-none-eabi/10.3.1/thumb/v7-m/nofp/libgcc.a
LOAD /usr/lib/gcc/arm-none-eabi/10.3.1/../../../arm-none-eabi/lib/thumb/v7-m/nofp/libc_nano.a
END GROUP
LOAD /usr/lib/gcc/arm-none-eabi/10.3.1/thumb/v7-m/nofp/crtend.o
LOAD /usr/lib/gcc/arm-none-eabi/10.3.1/thumb/v7-m/nofp/crtn.o

.text           0x0000000008000000     0x3164
 *(.isr_vector)
 .isr_vector    0x0000000008000000       0xc0 build/startup_MDR32F9Qx.o
                0x0000000008000000                __isr_vector
 *(.text*)
 .text          0x00000000080000c0       0x88 /usr/lib/gcc/arm-none-eabi/10.3.1/thumb/v7-m/nofp/crtbegin.o
 .text          0x0000000008000148     0x1140 /tmp/output.elf.S4J7EQ.ltrans0.ltrans.o
                0x000000000800109c                Timer1_IRQHandler
                0x00000000080010b8                Timer2_IRQHandler
                0x0000000008001104                main
                0x0000000008001254                SystemInit
 .text          0x0000000008001288       0x44 build/startup_MDR32F9Qx.o
                0x0000000008001288                Reset_Handler
                0x00000000080012c8                DebugMon_Handler
                0x00000000080012c8                HardFault_Handler
                0x00000000080012c8                SysTick_Handler
                0x00000000080012c8                EXT_INT1_IRQHandler
                0x00000000080012c8                PendSV_Handler
                0x00000000080012c8                NMI_Handler
                0x00000000080012c8                UART1_IRQHandler
                0x00000000080012c8                CAN1_IRQHandler
                0x00000000080012c8                COMPARATOR_IRQHandler
                0x00000000080012c8                POWER_IRQHandler
                0x00000000080012c8                UsageFault_Handler
                0x00000000080012c8                Timer3_IRQHandler
                0x00000000080012c8                BACKUP_IRQHandler
                0x00000000080012c8                UART2_IRQHandler
                0x00000000080012c8                EXT_INT2_IRQHandler
                0x00000000080012c8                Default_Handler
                0x00000000080012c8                ADC_IRQHandler
                0x00000000080012c8                SSP1_IRQHandler
                0x00000000080012c8                USB_IRQHandler
                0x00000000080012c8                EXT_INT3_IRQHandler
                0x00000000080012c8                I2C_IRQHandler
                0x00000000080012c8                MemManage_Handler
                0x00000000080012c8                EXT_INT4_IRQHandler
                0x00000000080012c8                SVC_Handler
                0x00000000080012c8                WWDG_IRQHandler
                0x00000000080012c8                SSP2_IRQHandler
                0x00000000080012c8                DMA_IRQHandler
                0x00000000080012c8                CAN2_IRQHandler
                0x00000000080012c8                BusFault_Handler
 *fill*         0x00000000080012cc        0x4 
 .text          0x00000000080012d0       0xf8 /usr/lib/gcc/arm-none-eabi/10.3.1/../../../arm-none-eabi/lib/thumb/v7-m/nofp/libm.a(lib_a-s_floor.o)
                0x00000000080012d0                floor
 .text          0x00000000080013c8       0xb0 /usr/lib/gcc/arm-none-eabi/10.3.1/../../../arm-none-eabi/lib/thumb/v7-m/nofp/libm.a(lib_a-s_sin.o)
                0x00000000080013c8                sin
 .text          0x0000000008001478      0x454 /usr/lib/gcc/arm-none-eabi/10.3.1/../../../arm-none-eabi/lib/thumb/v7-m/nofp/libm.a(lib_a-e_rem_pio2.o)
                0x0000000008001478                __ieee754_rem_pio2
 *fill*         0x00000000080018cc        0x4 
 .text          0x00000000080018d0      0x250 /usr/lib/gcc/arm-none-eabi/10.3.1/../../../arm-none-eabi/lib/thumb/v7-m/nofp/libm.a(lib_a-k_cos.o)
                0x00000000080018d0                __kernel_cos
 .text          0x0000000008001b20      0x850 /usr/lib/gcc/arm-none-eabi/10.3.1/../../../arm-none-eabi/lib/thumb/v7-m/nofp/libm.a(lib_a-k_rem_pio2.o)
                0x0000000008001b20                __kernel_rem_pio2
 .text          0x0000000008002370      0x184 /usr/lib/gcc/arm-none-eabi/10.3.1/../../../arm-none-eabi/lib/thumb/v7-m/nofp/libm.a(lib_a-k_sin.o)
                0x0000000008002370                __kernel_sin
 .text          0x00000000080024f4        0x8 /usr/lib/gcc/arm-none-eabi/10.3.1/../../../arm-none-eabi/lib/thumb/v7-m/nofp/libm.a(lib_a-s_fabs.o)
                0x00000000080024f4                fabs
 *fill*         0x00000000080024fc        0x4 
 .text          0x0000000008002500       0xfc /usr/lib/gcc/arm-none-eabi/10.3.1/../../../arm-none-eabi/lib/thumb/v7-m/nofp/libm.a(lib_a-s_scalbn.o)
                0x0000000008002500                scalbn
 .text          0x00000000080025fc      0x378 /usr/lib/gcc/arm-none-eabi/10.3.1/thumb/v7-m/nofp/libgcc.a(_arm_addsubdf3.o)
                0x00000000080025fc                __aeabi_drsub
                0x0000000008002604                __aeabi_dsub
                0x0000000008002604                __subdf3
                0x0000000008002608                __adddf3
                0x0000000008002608                __aeabi_dadd
                0x0000000008002880                __aeabi_ui2d
                0x0000000008002880                __floatunsidf
                0x00000000080028a0                __floatsidf
                0x00000000080028a0                __aeabi_i2d
                0x00000000080028c4                __extendsfdf2
                0x00000000080028c4                __aeabi_f2d
                0x0000000008002908                __aeabi_ul2d
                0x0000000008002908                __floatundidf
                0x0000000008002918                __floatdidf
                0x0000000008002918                __aeabi_l2d
 .text          0x0000000008002974      0x110 /usr/lib/gcc/arm-none-eabi/10.3.1/thumb/v7-m/nofp/libgcc.a(_arm_cmpdf2.o)
                0x0000000008002974                __gtdf2
                0x0000000008002974                __gedf2
                0x000000000800297c                __ltdf2
                0x000000000800297c                __ledf2
                0x0000000008002984                __cmpdf2
                0x0000000008002984                __eqdf2
                0x0000000008002984                __nedf2
                0x0000000008002a00                __aeabi_cdrcmple
                0x0000000008002a10                __aeabi_cdcmple
                0x0000000008002a10                __aeabi_cdcmpeq
                0x0000000008002a20                __aeabi_dcmpeq
                0x0000000008002a34                __aeabi_dcmplt
                0x0000000008002a48                __aeabi_dcmple
                0x0000000008002a5c                __aeabi_dcmpge
                0x0000000008002a70                __aeabi_dcmpgt
 .text          0x0000000008002a84       0x50 /usr/lib/gcc/arm-none-eabi/10.3.1/thumb/v7-m/nofp/libgcc.a(_arm_fixdfsi.o)
                0x0000000008002a84                __fixdfsi
                0x0000000008002a84                __aeabi_d2iz
 .text          0x0000000008002ad4      0x424 /usr/lib/gcc/arm-none-eabi/10.3.1/thumb/v7-m/nofp/libgcc.a(_arm_muldivdf3.o)
                0x0000000008002ad4                __aeabi_dmul
                0x0000000008002ad4                __muldf3
                0x0000000008002d28                __aeabi_ddiv
                0x0000000008002d28                __divdf3
 .text          0x0000000008002ef8       0x40 /usr/lib/gcc/arm-none-eabi/10.3.1/thumb/v7-m/nofp/libgcc.a(_arm_fixunsdfsi.o)
                0x0000000008002ef8                __fixunsdfsi
                0x0000000008002ef8                __aeabi_d2uiz
 *(.init)
 .init          0x0000000008002f38        0x4 /usr/lib/gcc/arm-none-eabi/10.3.1/thumb/v7-m/nofp/crti.o
                0x0000000008002f38                _init
 .init          0x0000000008002f3c        0x8 /usr/lib/gcc/arm-none-eabi/10.3.1/thumb/v7-m/nofp/crtn.o
 *(.fini)
 .fini          0x0000000008002f44        0x4 /usr/lib/gcc/arm-none-eabi/10.3.1/thumb/v7-m/nofp/crti.o
                0x0000000008002f44                _fini
 .fini          0x0000000008002f48        0x8 /usr/lib/gcc/arm-none-eabi/10.3.1/thumb/v7-m/nofp/crtn.o
 *crtbegin.o(.ctors)
 *crtbegin?.o(.ctors)
 *(EXCLUDE_FILE(*crtend.o *crtend?.o) .ctors)
 *(SORT_BY_NAME(.ctors.*))
 *(.ctors)
 *crtbegin.o(.dtors)
 *crtbegin?.o(.dtors)
 *(EXCLUDE_FILE(*crtend.o *crtend?.o) .dtors)
 *(SORT_BY_NAME(.dtors.*))
 *(.dtors)
 *(.rodata*)
 .rodata        0x0000000008002f50       0x32 /tmp/output.elf.S4J7EQ.ltrans0.ltrans.o
 *fill*         0x0000000008002f82        0x2 
 .rodata        0x0000000008002f84      0x188 /usr/lib/gcc/arm-none-eabi/10.3.1/../../../arm-none-eabi/lib/thumb/v7-m/nofp/libm.a(lib_a-e_rem_pio2.o)
 *fill*         0x000000000800310c        0x4 
 .rodata        0x0000000008003110       0x50 /usr/lib/gcc/arm-none-eabi/10.3.1/../../../arm-none-eabi/lib/thumb/v7-m/nofp/libm.a(lib_a-k_rem_pio2.o)
 *(.eh_frame*)
 .eh_frame      0x0000000008003160        0x0 /usr/lib/gcc/arm-none-eabi/10.3.1/thumb/v7-m/nofp/crtbegin.o
 .eh_frame      0x0000000008003160        0x4 /usr/lib/gcc/arm-none-eabi/10.3.1/thumb/v7-m/nofp/crtend.o

.glue_7         0x0000000008003164        0x0
 .glue_7        0x0000000008003164        0x0 linker stubs

.glue_7t        0x0000000008003164        0x0
 .glue_7t       0x0000000008003164        0x0 linker stubs

.vfp11_veneer   0x0000000008003164        0x0
 .vfp11_veneer  0x0000000008003164        0x0 linker stubs

.v4_bx          0x0000000008003164        0x0
 .v4_bx         0x0000000008003164        0x0 linker stubs

.iplt           0x0000000008003164        0x0
 .iplt          0x0000000008003164        0x0 /usr/lib/gcc/arm-none-eabi/10.3.1/thumb/v7-m/nofp/crtbegin.o

.rel.dyn        0x0000000008003164        0x0
 .rel.iplt      0x0000000008003164        0x0 /usr/lib/gcc/arm-none-eabi/10.3.1/thumb/v7-m/nofp/crtbegin.o

.ARM.extab
 *(.ARM.extab* .gnu.linkonce.armextab.*)
                0x0000000008003164                __exidx_start = .

.ARM.exidx
 *(.ARM.exidx* .gnu.linkonce.armexidx.*)
                0x0000000008003164                __exidx_end = .
                0x0000000008003164                . = ALIGN (0x4)
                0x0000000008003164                __etext = .

.data           0x0000000020000000       0x34 load address 0x0000000008003164
                0x0000000020000000                __data_start__ = .
 *(.ramfunc*)
                0x0000000020000000                . = ALIGN (0x4)
 *(vtable)
 *(.data*)
 .data          0x0000000020000000       0x29 /tmp/output.elf.S4J7EQ.ltrans0.ltrans.o
                0x000000002000002c                . = ALIGN (0x4)
 *fill*         0x0000000020000029        0x3 
                0x000000002000002c                PROVIDE (__preinit_array_start = .)
 *(.preinit_array)
                0x000000002000002c                PROVIDE (__preinit_array_end = .)
                0x000000002000002c                . = ALIGN (0x4)
                0x000000002000002c                PROVIDE (__init_array_start = .)
 *(SORT_BY_NAME(.init_array.*))
 *(.init_array)
 .init_array    0x000000002000002c        0x4 /usr/lib/gcc/arm-none-eabi/10.3.1/thumb/v7-m/nofp/crtbegin.o
                0x0000000020000030                PROVIDE (__init_array_end = .)
                0x0000000020000030                . = ALIGN (0x4)
                0x0000000020000030                PROVIDE (__fini_array_start = .)
 *(SORT_BY_NAME(.fini_array.*))
 *(.fini_array)
 .fini_array    0x0000000020000030        0x4 /usr/lib/gcc/arm-none-eabi/10.3.1/thumb/v7-m/nofp/crtbegin.o
                0x0000000020000034                PROVIDE (__fini_array_end = .)
 *(.jcr*)
                0x0000000020000034                . = ALIGN (0x4)
                0x0000000020000034                __data_end__ = .

.tm_clone_table
                0x0000000020000034        0x0 load address 0x0000000008003198
 .tm_clone_table
                0x0000000020000034        0x0 /usr/lib/gcc/arm-none-eabi/10.3.1/thumb/v7-m/nofp/crtbegin.o
 .tm_clone_table
                0x0000000020000034        0x0 /usr/lib/gcc/arm-none-eabi/10.3.1/thumb/v7-m/nofp/crtend.o

.igot.plt       0x0000000020000034        0x0 load address 0x0000000008003198
 .igot.plt      0x0000000020000034        0x0 /usr/lib/gcc/arm-none-eabi/10.3.1/thumb/v7-m/nofp/crtbegin.o

.bss            0x0000000020000038     0x15d4 load address 0x00000000080031a0
                0x0000000020000038                . = ALIGN (0x4)
                0x0000000020000038                __bss_start__ = .
 *(.bss*)
 .bss           0x0000000020000038       0x1c /usr/lib/gcc/arm-none-eabi/10.3.1/thumb/v7-m/nofp/crtbegin.o
 *fill*         0x0000000020000054        0x4 
 .bss           0x0000000020000058     0x15b4 /tmp/output.elf.S4J7EQ.ltrans0.ltrans.o
 *(COMMON)
                0x000000002000160c                . = ALIGN (0x4)
                0x000000002000160c                __bss_end__ = .

.heap           0x0000000020001610        0x0
                0x0000000020001610                __end__ = .
                [!provide]                        PROVIDE (end = .)
 *(.heap*)
 .heap          0x0000000020001610        0x0 build/startup_MDR32F9Qx.o
                0x0000000020001610                __HeapLimit = .

.stack_dummy    0x0000000020001610      0xc00
 *(.stack*)
 .stack         0x0000000020001610      0xc00 build/startup_MDR32F9Qx.o
                0x0000000020008000                __StackTop = (ORIGIN (RAM) + LENGTH (RAM))
                0x0000000020007400                __StackLimit = (__StackTop - SIZEOF (.stack_dummy))
                0x0000000020008000                PROVIDE (__stack = __StackTop)
                0x0000000000000001                ASSERT ((__StackLimit >= __HeapLimit), region RAM overflowed with stack)
OUTPUT(build/output.elf elf32-littlearm)
LOAD linker stubs

.ARM.attributes
                0x0000000000000000       0x29
 .ARM.attributes
                0x0000000000000000       0x1d /usr/lib/gcc/arm-none-eabi/10.3.1/thumb/v7-m/nofp/crti.o
 .ARM.attributes
                0x000000000000001d       0x2d /usr/lib/gcc/arm-none-eabi/10.3.1/thumb/v7-m/nofp/crtbegin.o
 .ARM.attributes
                0x000000000000004a       0x2b /tmp/output.elf.S4J7EQ.ltrans0.ltrans.o
 .ARM.attributes
                0x0000000000000075       0x1b build/startup_MDR32F9Qx.o
 .ARM.attributes
                0x0000000000000090       0x2d /usr/lib/gcc/arm-none-eabi/10.3.1/../../../arm-none-eabi/lib/thumb/v7-m/nofp/libm.a(lib_a-s_floor.o)
 .ARM.attributes
                0x00000000000000bd       0x2d /usr/lib/gcc/arm-none-eabi/10.3.1/../../../arm-none-eabi/lib/thumb/v7-m/nofp/libm.a(lib_a-s_sin.o)
 .ARM.attributes
                0x00000000000000ea       0x2d /usr/lib/gcc/arm-none-eabi/10.3.1/../../../arm-none-eabi/lib/thumb/v7-m/nofp/libm.a(lib_a-e_rem_pio2.o)
 .ARM.attributes
                0x0000000000000117       0x2d /usr/lib/gcc/arm-none-eabi/10.3.1/../../../arm-none-eabi/lib/thumb/v7-m/nofp/libm.a(lib_a-k_cos.o)
 .ARM.attributes
                0x0000000000000144       0x2d /usr/lib/gcc/arm-none-eabi/10.3.1/../../../arm-none-eabi/lib/thumb/v7-m/nofp/libm.a(lib_a-k_rem_pio2.o)
 .ARM.attributes
                0x0000000000000171       0x2d /usr/lib/gcc/arm-none-eabi/10.3.1/../../../arm-none-eabi/lib/thumb/v7-m/nofp/libm.a(lib_a-k_sin.o)
 .ARM.attributes
                0x000000000000019e       0x2d /usr/lib/gcc/arm-none-eabi/10.3.1/../../../arm-none-eabi/lib/thumb/v7-m/nofp/libm.a(lib_a-s_fabs.o)
 .ARM.attributes
                0x00000000000001cb       0x2d /usr/lib/gcc/arm-none-eabi/10.3.1/../../../arm-none-eabi/lib/thumb/v7-m/nofp/libm.a(lib_a-s_scalbn.o)
 .ARM.attributes
                0x00000000000001f8       0x1d /usr/lib/gcc/arm-none-eabi/10.3.1/thumb/v7-m/nofp/libgcc.a(_arm_addsubdf3.o)
 .ARM.attributes
                0x0000000000000215       0x1d /usr/lib/gcc/arm-none-eabi/10.3.1/thumb/v7-m/nofp/libgcc.a(_arm_cmpdf2.o)
 .ARM.attributes
                0x0000000000000232       0x1d /usr/lib/gcc/arm-none-eabi/10.3.1/thumb/v7-m/nofp/libgcc.a(_arm_fixdfsi.o)
 .ARM.attributes
                0x000000000000024f       0x1d /usr/lib/gcc/arm-none-eabi/10.3.1/thumb/v7-m/nofp/libgcc.a(_arm_muldivdf3.o)
 .ARM.attributes
                0x000000000000026c       0x1d /usr/lib/gcc/arm-none-eabi/10.3.1/thumb/v7-m/nofp/libgcc.a(_arm_fixunsdfsi.o)
 .ARM.attributes
                0x0000000000000289       0x2d /usr/lib/gcc/arm-none-eabi/10.3.1/thumb/v7-m/nofp/crtend.o
 .ARM.attributes
                0x00000000000002b6       0x1d /usr/lib/gcc/arm-none-eabi/10.3.1/thumb/v7-m/nofp/crtn.o

.comment        0x0000000000000000       0x33
 .comment       0x0000000000000000       0x33 /usr/lib/gcc/arm-none-eabi/10.3.1/thumb/v7-m/nofp/crtbegin.o
                                         0x34 (size before relaxing)
 .comment       0x0000000000000033       0x34 /tmp/output.elf.S4J7EQ.ltrans0.ltrans.o
 .comment       0x0000000000000033       0x34 /usr/lib/gcc/arm-none-eabi/10.3.1/../../../arm-none-eabi/lib/thumb/v7-m/nofp/libm.a(lib_a-s_floor.o)
 .comment       0x0000000000000033       0x34 /usr/lib/gcc/arm-none-eabi/10.3.1/../../../arm-none-eabi/lib/thumb/v7-m/nofp/libm.a(lib_a-s_sin.o)
 .comment       0x0000000000000033       0x34 /usr/lib/gcc/arm-none-eabi/10.3.1/../../../arm-none-eabi/lib/thumb/v7-m/nofp/libm.a(lib_a-e_rem_pio2.o)
 .comment       0x0000000000000033       0x34 /usr/lib/gcc/arm-none-eabi/10.3.1/../../../arm-none-eabi/lib/thumb/v7-m/nofp/libm.a(lib_a-k_cos.o)
 .comment       0x0000000000000033       0x34 /usr/lib/gcc/arm-none-eabi/10.3.1/../../../arm-none-eabi/lib/thumb/v7-m/nofp/libm.a(lib_a-k_rem_pio2.o)
 .comment       0x0000000000000033       0x34 /usr/lib/gcc/arm-none-eabi/10.3.1/../../../arm-none-eabi/lib/thumb/v7-m/nofp/libm.a(lib_a-k_sin.o)
 .comment       0x0000000000000033       0x34 /usr/lib/gcc/arm-none-eabi/10.3.1/../../../arm-none-eabi/lib/thumb/v7-m/nofp/libm.a(lib_a-s_fabs.o)
 .comment       0x0000000000000033       0x34 /usr/lib/gcc/arm-none-eabi/10.3.1/../../../arm-none-eabi/lib/thumb/v7-m/nofp/libm.a(lib_a-s_scalbn.o)
 .comment       0x0000000000000033       0x34 /usr/lib/gcc/arm-none-eabi/10.3.1/thumb/v7-m/nofp/crtend.o

.debug_info     0x0000000000000000     0x6eb7
 .debug_info    0x0000000000000000     0x111c /tmp/output.elf.S4J7EQ.ltrans0.ltrans.o
 .debug_info    0x000000000000111c      0xc34 /tmp/ccv1d1WU.debug.temp.o
                0x000000000000111c                inits.c.959da5a0
 .debug_info    0x0000000000001d50      0x3a2 /tmp/ccpO1U5q.debug.temp.o
                0x0000000000001d50                irqs.c.fed4a808
 .debug_info    0x00000000000020f2      0x491 /tmp/cc5wOQro.debug.temp.o
                0x00000000000020f2                joystick.c.2ccbf9ef
 .debug_info    0x0000000000002583      0x572 /tmp/ccDrFe3r.debug.temp.o
                0x0000000000002583                led_controls.c.93c86e3a
 .debug_info    0x0000000000002af5      0x5ee /tmp/cc1rKfqI.debug.temp.o
                0x0000000000002af5                led_funcs.c.665b9671
 .debug_info    0x00000000000030e3      0x3e9 /tmp/ccjp2lIz.debug.temp.o
                0x00000000000030e3                main.c.33c76fc6
 .debug_info    0x00000000000034cc      0x39a /tmp/cc9qZnO5.debug.temp.o
                0x00000000000034cc                system_MDR32F9Qx.c.6647a2ac
 .debug_info    0x0000000000003866      0xcaf /tmp/ccfL6KLI.debug.temp.o
                0x0000000000003866                MDR32F9Qx_rst_clk.c.4cf4a819
 .debug_info    0x0000000000004515      0x61a /tmp/ccjuIRyE.debug.temp.o
                0x0000000000004515                MDR32F9Qx_port.c.450e93b9
 .debug_info    0x0000000000004b2f      0x752 /tmp/ccJTzR9J.debug.temp.o
                0x0000000000004b2f                MDR32F9Qx_ssp.c.2b0a498c
 .debug_info    0x0000000000005281       0x26 build/startup_MDR32F9Qx.o
 .debug_info    0x00000000000052a7      0x21e /usr/lib/gcc/arm-none-eabi/10.3.1/../../../arm-none-eabi/lib/thumb/v7-m/nofp/libm.a(lib_a-s_floor.o)
 .debug_info    0x00000000000054c5      0x22c /usr/lib/gcc/arm-none-eabi/10.3.1/../../../arm-none-eabi/lib/thumb/v7-m/nofp/libm.a(lib_a-s_sin.o)
 .debug_info    0x00000000000056f1      0x658 /usr/lib/gcc/arm-none-eabi/10.3.1/../../../arm-none-eabi/lib/thumb/v7-m/nofp/libm.a(lib_a-e_rem_pio2.o)
 .debug_info    0x0000000000005d49      0x3f4 /usr/lib/gcc/arm-none-eabi/10.3.1/../../../arm-none-eabi/lib/thumb/v7-m/nofp/libm.a(lib_a-k_cos.o)
 .debug_info    0x000000000000613d      0x5cb /usr/lib/gcc/arm-none-eabi/10.3.1/../../../arm-none-eabi/lib/thumb/v7-m/nofp/libm.a(lib_a-k_rem_pio2.o)
 .debug_info    0x0000000000006708      0x333 /usr/lib/gcc/arm-none-eabi/10.3.1/../../../arm-none-eabi/lib/thumb/v7-m/nofp/libm.a(lib_a-k_sin.o)
 .debug_info    0x0000000000006a3b      0x151 /usr/lib/gcc/arm-none-eabi/10.3.1/../../../arm-none-eabi/lib/thumb/v7-m/nofp/libm.a(lib_a-s_fabs.o)
 .debug_info    0x0000000000006b8c      0x26d /usr/lib/gcc/arm-none-eabi/10.3.1/../../../arm-none-eabi/lib/thumb/v7-m/nofp/libm.a(lib_a-s_scalbn.o)
 .debug_info    0x0000000000006df9       0x26 /usr/lib/gcc/arm-none-eabi/10.3.1/thumb/v7-m/nofp/libgcc.a(_arm_addsubdf3.o)
 .debug_info    0x0000000000006e1f       0x26 /usr/lib/gcc/arm-none-eabi/10.3.1/thumb/v7-m/nofp/libgcc.a(_arm_cmpdf2.o)
 .debug_info    0x0000000000006e45       0x26 /usr/lib/gcc/arm-none-eabi/10.3.1/thumb/v7-m/nofp/libgcc.a(_arm_fixdfsi.o)
 .debug_info    0x0000000000006e6b       0x26 /usr/lib/gcc/arm-none-eabi/10.3.1/thumb/v7-m/nofp/libgcc.a(_arm_muldivdf3.o)
 .debug_info    0x0000000000006e91       0x26 /usr/lib/gcc/arm-none-eabi/10.3.1/thumb/v7-m/nofp/libgcc.a(_arm_fixunsdfsi.o)

.debug_abbrev   0x0000000000000000     0x1879
 .debug_abbrev  0x0000000000000000      0x164 /tmp/output.elf.S4J7EQ.ltrans0.ltrans.o
 .debug_abbrev  0x0000000000000164      0x15a /tmp/ccv1d1WU.debug.temp.o
 .debug_abbrev  0x00000000000002be       0xf4 /tmp/ccpO1U5q.debug.temp.o
 .debug_abbrev  0x00000000000003b2      0x120 /tmp/cc5wOQro.debug.temp.o
 .debug_abbrev  0x00000000000004d2      0x197 /tmp/ccDrFe3r.debug.temp.o
 .debug_abbrev  0x0000000000000669       0xda /tmp/cc1rKfqI.debug.temp.o
 .debug_abbrev  0x0000000000000743      0x18b /tmp/ccjp2lIz.debug.temp.o
 .debug_abbrev  0x00000000000008ce       0xe6 /tmp/cc9qZnO5.debug.temp.o
 .debug_abbrev  0x00000000000009b4      0x14e /tmp/ccfL6KLI.debug.temp.o
 .debug_abbrev  0x0000000000000b02      0x162 /tmp/ccjuIRyE.debug.temp.o
 .debug_abbrev  0x0000000000000c64      0x16e /tmp/ccJTzR9J.debug.temp.o
 .debug_abbrev  0x0000000000000dd2       0x14 build/startup_MDR32F9Qx.o
 .debug_abbrev  0x0000000000000de6      0x11f /usr/lib/gcc/arm-none-eabi/10.3.1/../../../arm-none-eabi/lib/thumb/v7-m/nofp/libm.a(lib_a-s_floor.o)
 .debug_abbrev  0x0000000000000f05      0x169 /usr/lib/gcc/arm-none-eabi/10.3.1/../../../arm-none-eabi/lib/thumb/v7-m/nofp/libm.a(lib_a-s_sin.o)
 .debug_abbrev  0x000000000000106e      0x1b2 /usr/lib/gcc/arm-none-eabi/10.3.1/../../../arm-none-eabi/lib/thumb/v7-m/nofp/libm.a(lib_a-e_rem_pio2.o)
 .debug_abbrev  0x0000000000001220      0x133 /usr/lib/gcc/arm-none-eabi/10.3.1/../../../arm-none-eabi/lib/thumb/v7-m/nofp/libm.a(lib_a-k_cos.o)
 .debug_abbrev  0x0000000000001353      0x173 /usr/lib/gcc/arm-none-eabi/10.3.1/../../../arm-none-eabi/lib/thumb/v7-m/nofp/libm.a(lib_a-k_rem_pio2.o)
 .debug_abbrev  0x00000000000014c6      0x127 /usr/lib/gcc/arm-none-eabi/10.3.1/../../../arm-none-eabi/lib/thumb/v7-m/nofp/libm.a(lib_a-k_sin.o)
 .debug_abbrev  0x00000000000015ed       0xe6 /usr/lib/gcc/arm-none-eabi/10.3.1/../../../arm-none-eabi/lib/thumb/v7-m/nofp/libm.a(lib_a-s_fabs.o)
 .debug_abbrev  0x00000000000016d3      0x142 /usr/lib/gcc/arm-none-eabi/10.3.1/../../../arm-none-eabi/lib/thumb/v7-m/nofp/libm.a(lib_a-s_scalbn.o)
 .debug_abbrev  0x0000000000001815       0x14 /usr/lib/gcc/arm-none-eabi/10.3.1/thumb/v7-m/nofp/libgcc.a(_arm_addsubdf3.o)
 .debug_abbrev  0x0000000000001829       0x14 /usr/lib/gcc/arm-none-eabi/10.3.1/thumb/v7-m/nofp/libgcc.a(_arm_cmpdf2.o)
 .debug_abbrev  0x000000000000183d       0x14 /usr/lib/gcc/arm-none-eabi/10.3.1/thumb/v7-m/nofp/libgcc.a(_arm_fixdfsi.o)
 .debug_abbrev  0x0000000000001851       0x14 /usr/lib/gcc/arm-none-eabi/10.3.1/thumb/v7-m/nofp/libgcc.a(_arm_muldivdf3.o)
 .debug_abbrev  0x0000000000001865       0x14 /usr/lib/gcc/arm-none-eabi/10.3.1/thumb/v7-m/nofp/libgcc.a(_arm_fixunsdfsi.o)

.debug_loc      0x0000000000000000     0x2c3b
 .debug_loc     0x0000000000000000      0xf79 /tmp/output.elf.S4J7EQ.ltrans0.ltrans.o
 .debug_loc     0x0000000000000f79      0x1ee /usr/lib/gcc/arm-none-eabi/10.3.1/../../../arm-none-eabi/lib/thumb/v7-m/nofp/libm.a(lib_a-s_floor.o)
 .debug_loc     0x0000000000001167       0xef /usr/lib/gcc/arm-none-eabi/10.3.1/../../../arm-none-eabi/lib/thumb/v7-m/nofp/libm.a(lib_a-s_sin.o)
 .debug_loc     0x0000000000001256      0x523 /usr/lib/gcc/arm-none-eabi/10.3.1/../../../arm-none-eabi/lib/thumb/v7-m/nofp/libm.a(lib_a-e_rem_pio2.o)
 .debug_loc     0x0000000000001779      0x2bc /usr/lib/gcc/arm-none-eabi/10.3.1/../../../arm-none-eabi/lib/thumb/v7-m/nofp/libm.a(lib_a-k_cos.o)
 .debug_loc     0x0000000000001a35      0xe79 /usr/lib/gcc/arm-none-eabi/10.3.1/../../../arm-none-eabi/lib/thumb/v7-m/nofp/libm.a(lib_a-k_rem_pio2.o)
 .debug_loc     0x00000000000028ae      0x154 /usr/lib/gcc/arm-none-eabi/10.3.1/../../../arm-none-eabi/lib/thumb/v7-m/nofp/libm.a(lib_a-k_sin.o)
 .debug_loc     0x0000000000002a02       0x1a /usr/lib/gcc/arm-none-eabi/10.3.1/../../../arm-none-eabi/lib/thumb/v7-m/nofp/libm.a(lib_a-s_fabs.o)
 .debug_loc     0x0000000000002a1c      0x21f /usr/lib/gcc/arm-none-eabi/10.3.1/../../../arm-none-eabi/lib/thumb/v7-m/nofp/libm.a(lib_a-s_scalbn.o)

.debug_aranges  0x0000000000000000      0x1e0
 .debug_aranges
                0x0000000000000000       0x20 /tmp/output.elf.S4J7EQ.ltrans0.ltrans.o
 .debug_aranges
                0x0000000000000020       0x20 build/startup_MDR32F9Qx.o
 .debug_aranges
                0x0000000000000040       0x20 /usr/lib/gcc/arm-none-eabi/10.3.1/../../../arm-none-eabi/lib/thumb/v7-m/nofp/libm.a(lib_a-s_floor.o)
 .debug_aranges
                0x0000000000000060       0x20 /usr/lib/gcc/arm-none-eabi/10.3.1/../../../arm-none-eabi/lib/thumb/v7-m/nofp/libm.a(lib_a-s_sin.o)
 .debug_aranges
                0x0000000000000080       0x20 /usr/lib/gcc/arm-none-eabi/10.3.1/../../../arm-none-eabi/lib/thumb/v7-m/nofp/libm.a(lib_a-e_rem_pio2.o)
 .debug_aranges
                0x00000000000000a0       0x20 /usr/lib/gcc/arm-none-eabi/10.3.1/../../../arm-none-eabi/lib/thumb/v7-m/nofp/libm.a(lib_a-k_cos.o)
 .debug_aranges
                0x00000000000000c0       0x20 /usr/lib/gcc/arm-none-eabi/10.3.1/../../../arm-none-eabi/lib/thumb/v7-m/nofp/libm.a(lib_a-k_rem_pio2.o)
 .debug_aranges
                0x00000000000000e0       0x20 /usr/lib/gcc/arm-none-eabi/10.3.1/../../../arm-none-eabi/lib/thumb/v7-m/nofp/libm.a(lib_a-k_sin.o)
 .debug_aranges
                0x0000000000000100       0x20 /usr/lib/gcc/arm-none-eabi/10.3.1/../../../arm-none-eabi/lib/thumb/v7-m/nofp/libm.a(lib_a-s_fabs.o)
 .debug_aranges
                0x0000000000000120       0x20 /usr/lib/gcc/arm-none-eabi/10.3.1/../../../arm-none-eabi/lib/thumb/v7-m/nofp/libm.a(lib_a-s_scalbn.o)
 .debug_aranges
                0x0000000000000140       0x20 /usr/lib/gcc/arm-none-eabi/10.3.1/thumb/v7-m/nofp/libgcc.a(_arm_addsubdf3.o)
 .debug_aranges
                0x0000000000000160       0x20 /usr/lib/gcc/arm-none-eabi/10.3.1/thumb/v7-m/nofp/libgcc.a(_arm_cmpdf2.o)
 .debug_aranges
                0x0000000000000180       0x20 /usr/lib/gcc/arm-none-eabi/10.3.1/thumb/v7-m/nofp/libgcc.a(_arm_fixdfsi.o)
 .debug_aranges
                0x00000000000001a0       0x20 /usr/lib/gcc/arm-none-eabi/10.3.1/thumb/v7-m/nofp/libgcc.a(_arm_muldivdf3.o)
 .debug_aranges
                0x00000000000001c0       0x20 /usr/lib/gcc/arm-none-eabi/10.3.1/thumb/v7-m/nofp/libgcc.a(_arm_fixunsdfsi.o)

.debug_ranges   0x0000000000000000      0x170
 .debug_ranges  0x0000000000000000       0xb0 /tmp/output.elf.S4J7EQ.ltrans0.ltrans.o
 .debug_ranges  0x00000000000000b0       0x18 /usr/lib/gcc/arm-none-eabi/10.3.1/../../../arm-none-eabi/lib/thumb/v7-m/nofp/libm.a(lib_a-s_floor.o)
 .debug_ranges  0x00000000000000c8       0x38 /usr/lib/gcc/arm-none-eabi/10.3.1/../../../arm-none-eabi/lib/thumb/v7-m/nofp/libm.a(lib_a-e_rem_pio2.o)
 .debug_ranges  0x0000000000000100       0x18 /usr/lib/gcc/arm-none-eabi/10.3.1/../../../arm-none-eabi/lib/thumb/v7-m/nofp/libm.a(lib_a-k_cos.o)
 .debug_ranges  0x0000000000000118       0x58 /usr/lib/gcc/arm-none-eabi/10.3.1/../../../arm-none-eabi/lib/thumb/v7-m/nofp/libm.a(lib_a-s_scalbn.o)

.debug_line     0x0000000000000000     0x4089
 .debug_line    0x0000000000000000     0x15b9 /tmp/output.elf.S4J7EQ.ltrans0.ltrans.o
 .debug_line    0x00000000000015b9      0x122 /tmp/ccv1d1WU.debug.temp.o
 .debug_line    0x00000000000016db       0xa2 /tmp/ccpO1U5q.debug.temp.o
 .debug_line    0x000000000000177d       0xe1 /tmp/cc5wOQro.debug.temp.o
 .debug_line    0x000000000000185e       0xe0 /tmp/ccDrFe3r.debug.temp.o
 .debug_line    0x000000000000193e       0x75 /tmp/cc1rKfqI.debug.temp.o
 .debug_line    0x00000000000019b3       0xd8 /tmp/ccjp2lIz.debug.temp.o
 .debug_line    0x0000000000001a8b      0x110 /tmp/cc9qZnO5.debug.temp.o
 .debug_line    0x0000000000001b9b       0xfe /tmp/ccfL6KLI.debug.temp.o
 .debug_line    0x0000000000001c99       0xf8 /tmp/ccjuIRyE.debug.temp.o
 .debug_line    0x0000000000001d91       0xf6 /tmp/ccJTzR9J.debug.temp.o
 .debug_line    0x0000000000001e87       0x95 build/startup_MDR32F9Qx.o
 .debug_line    0x0000000000001f1c      0x2ac /usr/lib/gcc/arm-none-eabi/10.3.1/../../../arm-none-eabi/lib/thumb/v7-m/nofp/libm.a(lib_a-s_floor.o)
 .debug_line    0x00000000000021c8      0x1e9 /usr/lib/gcc/arm-none-eabi/10.3.1/../../../arm-none-eabi/lib/thumb/v7-m/nofp/libm.a(lib_a-s_sin.o)
 .debug_line    0x00000000000023b1      0x52a /usr/lib/gcc/arm-none-eabi/10.3.1/../../../arm-none-eabi/lib/thumb/v7-m/nofp/libm.a(lib_a-e_rem_pio2.o)
 .debug_line    0x00000000000028db      0x22b /usr/lib/gcc/arm-none-eabi/10.3.1/../../../arm-none-eabi/lib/thumb/v7-m/nofp/libm.a(lib_a-k_cos.o)
 .debug_line    0x0000000000002b06      0xb82 /usr/lib/gcc/arm-none-eabi/10.3.1/../../../arm-none-eabi/lib/thumb/v7-m/nofp/libm.a(lib_a-k_rem_pio2.o)
 .debug_line    0x0000000000003688      0x1bf /usr/lib/gcc/arm-none-eabi/10.3.1/../../../arm-none-eabi/lib/thumb/v7-m/nofp/libm.a(lib_a-k_sin.o)
 .debug_line    0x0000000000003847      0x14c /usr/lib/gcc/arm-none-eabi/10.3.1/../../../arm-none-eabi/lib/thumb/v7-m/nofp/libm.a(lib_a-s_fabs.o)
 .debug_line    0x0000000000003993      0x22a /usr/lib/gcc/arm-none-eabi/10.3.1/../../../arm-none-eabi/lib/thumb/v7-m/nofp/libm.a(lib_a-s_scalbn.o)
 .debug_line    0x0000000000003bbd      0x186 /usr/lib/gcc/arm-none-eabi/10.3.1/thumb/v7-m/nofp/libgcc.a(_arm_addsubdf3.o)
 .debug_line    0x0000000000003d43       0xbd /usr/lib/gcc/arm-none-eabi/10.3.1/thumb/v7-m/nofp/libgcc.a(_arm_cmpdf2.o)
 .debug_line    0x0000000000003e00       0x79 /usr/lib/gcc/arm-none-eabi/10.3.1/thumb/v7-m/nofp/libgcc.a(_arm_fixdfsi.o)
 .debug_line    0x0000000000003e79      0x19b /usr/lib/gcc/arm-none-eabi/10.3.1/thumb/v7-m/nofp/libgcc.a(_arm_muldivdf3.o)
 .debug_line    0x0000000000004014       0x75 /usr/lib/gcc/arm-none-eabi/10.3.1/thumb/v7-m/nofp/libgcc.a(_arm_fixunsdfsi.o)

.debug_str      0x0000000000000000     0x27b4
 .debug_str     0x0000000000000000       0xf9 /tmp/output.elf.S4J7EQ.ltrans0.ltrans.o
                                        0x19b (size before relaxing)
 .debug_str     0x00000000000000f9      0xb6f /tmp/ccv1d1WU.debug.temp.o
                                        0xc71 (size before relaxing)
 .debug_str     0x0000000000000c68       0xa7 /tmp/ccpO1U5q.debug.temp.o
                                        0x326 (size before relaxing)
 .debug_str     0x0000000000000d0f       0x8a /tmp/cc5wOQro.debug.temp.o
                                        0x580 (size before relaxing)
 .debug_str     0x0000000000000d99       0xc6 /tmp/ccDrFe3r.debug.temp.o
                                        0x3ed (size before relaxing)
 .debug_str     0x0000000000000e5f      0x1c2 /tmp/cc1rKfqI.debug.temp.o
                                        0x37c (size before relaxing)
 .debug_str     0x0000000000001021       0x26 /tmp/ccjp2lIz.debug.temp.o
                                        0x40d (size before relaxing)
 .debug_str     0x0000000000001047       0xf6 /tmp/cc9qZnO5.debug.temp.o
                                        0x307 (size before relaxing)
 .debug_str     0x000000000000113d      0xc7f /tmp/ccfL6KLI.debug.temp.o
                                        0xf12 (size before relaxing)
 .debug_str     0x0000000000001dbc      0x17c /tmp/ccjuIRyE.debug.temp.o
                                        0x671 (size before relaxing)
 .debug_str     0x0000000000001f38      0x18b /tmp/ccJTzR9J.debug.temp.o
                                        0x792 (size before relaxing)
 .debug_str     0x00000000000020c3       0x98 build/startup_MDR32F9Qx.o
 .debug_str     0x000000000000215b      0x1cf /usr/lib/gcc/arm-none-eabi/10.3.1/../../../arm-none-eabi/lib/thumb/v7-m/nofp/libm.a(lib_a-s_floor.o)
                                        0x215 (size before relaxing)
 .debug_str     0x000000000000232a       0xc7 /usr/lib/gcc/arm-none-eabi/10.3.1/../../../arm-none-eabi/lib/thumb/v7-m/nofp/libm.a(lib_a-s_sin.o)
                                        0x210 (size before relaxing)
 .debug_str     0x00000000000023f1       0xf0 /usr/lib/gcc/arm-none-eabi/10.3.1/../../../arm-none-eabi/lib/thumb/v7-m/nofp/libm.a(lib_a-e_rem_pio2.o)
                                        0x2c2 (size before relaxing)
 .debug_str     0x00000000000024e1       0x31 /usr/lib/gcc/arm-none-eabi/10.3.1/../../../arm-none-eabi/lib/thumb/v7-m/nofp/libm.a(lib_a-k_cos.o)
                                        0x21c (size before relaxing)
 .debug_str     0x0000000000002512       0x7b /usr/lib/gcc/arm-none-eabi/10.3.1/../../../arm-none-eabi/lib/thumb/v7-m/nofp/libm.a(lib_a-k_rem_pio2.o)
                                        0x25f (size before relaxing)
 .debug_str     0x000000000000258d       0x31 /usr/lib/gcc/arm-none-eabi/10.3.1/../../../arm-none-eabi/lib/thumb/v7-m/nofp/libm.a(lib_a-k_sin.o)
                                        0x21c (size before relaxing)
 .debug_str     0x00000000000025be       0x32 /usr/lib/gcc/arm-none-eabi/10.3.1/../../../arm-none-eabi/lib/thumb/v7-m/nofp/libm.a(lib_a-s_fabs.o)
                                        0x1dc (size before relaxing)
 .debug_str     0x00000000000025f0      0x11d /usr/lib/gcc/arm-none-eabi/10.3.1/../../../arm-none-eabi/lib/thumb/v7-m/nofp/libm.a(lib_a-s_scalbn.o)
                                        0x22c (size before relaxing)
 .debug_str     0x000000000000270d       0xa7 /usr/lib/gcc/arm-none-eabi/10.3.1/thumb/v7-m/nofp/libgcc.a(_arm_addsubdf3.o)
 .debug_str     0x00000000000027b4       0xa7 /usr/lib/gcc/arm-none-eabi/10.3.1/thumb/v7-m/nofp/libgcc.a(_arm_cmpdf2.o)
 .debug_str     0x00000000000027b4       0xa7 /usr/lib/gcc/arm-none-eabi/10.3.1/thumb/v7-m/nofp/libgcc.a(_arm_fixdfsi.o)
 .debug_str     0x00000000000027b4       0xa7 /usr/lib/gcc/arm-none-eabi/10.3.1/thumb/v7-m/nofp/libgcc.a(_arm_muldivdf3.o)
 .debug_str     0x00000000000027b4       0xa7 /usr/lib/gcc/arm-none-eabi/10.3.1/thumb/v7-m/nofp/libgcc.a(_arm_fixunsdfsi.o)

.debug_frame    0x0000000000000000      0x71c
 .debug_frame   0x0000000000000000      0x328 /tmp/output.elf.S4J7EQ.ltrans0.ltrans.o
 .debug_frame   0x0000000000000328       0x30 /usr/lib/gcc/arm-none-eabi/10.3.1/../../../arm-none-eabi/lib/thumb/v7-m/nofp/libm.a(lib_a-s_floor.o)
 .debug_frame   0x0000000000000358       0x38 /usr/lib/gcc/arm-none-eabi/10.3.1/../../../arm-none-eabi/lib/thumb/v7-m/nofp/libm.a(lib_a-s_sin.o)
 .debug_frame   0x0000000000000390       0x4c /usr/lib/gcc/arm-none-eabi/10.3.1/../../../arm-none-eabi/lib/thumb/v7-m/nofp/libm.a(lib_a-e_rem_pio2.o)
 .debug_frame   0x00000000000003dc       0x4c /usr/lib/gcc/arm-none-eabi/10.3.1/../../../arm-none-eabi/lib/thumb/v7-m/nofp/libm.a(lib_a-k_cos.o)
 .debug_frame   0x0000000000000428       0x58 /usr/lib/gcc/arm-none-eabi/10.3.1/../../../arm-none-eabi/lib/thumb/v7-m/nofp/libm.a(lib_a-k_rem_pio2.o)
 .debug_frame   0x0000000000000480       0x48 /usr/lib/gcc/arm-none-eabi/10.3.1/../../../arm-none-eabi/lib/thumb/v7-m/nofp/libm.a(lib_a-k_sin.o)
 .debug_frame   0x00000000000004c8       0x20 /usr/lib/gcc/arm-none-eabi/10.3.1/../../../arm-none-eabi/lib/thumb/v7-m/nofp/libm.a(lib_a-s_fabs.o)
 .debug_frame   0x00000000000004e8       0x2c /usr/lib/gcc/arm-none-eabi/10.3.1/../../../arm-none-eabi/lib/thumb/v7-m/nofp/libm.a(lib_a-s_scalbn.o)
 .debug_frame   0x0000000000000514       0xac /usr/lib/gcc/arm-none-eabi/10.3.1/thumb/v7-m/nofp/libgcc.a(_arm_addsubdf3.o)
 .debug_frame   0x00000000000005c0       0xc4 /usr/lib/gcc/arm-none-eabi/10.3.1/thumb/v7-m/nofp/libgcc.a(_arm_cmpdf2.o)
 .debug_frame   0x0000000000000684       0x24 /usr/lib/gcc/arm-none-eabi/10.3.1/thumb/v7-m/nofp/libgcc.a(_arm_fixdfsi.o)
 .debug_frame   0x00000000000006a8       0x50 /usr/lib/gcc/arm-none-eabi/10.3.1/thumb/v7-m/nofp/libgcc.a(_arm_muldivdf3.o)
 .debug_frame   0x00000000000006f8       0x24 /usr/lib/gcc/arm-none-eabi/10.3.1/thumb/v7-m/nofp/libgcc.a(_arm_fixunsdfsi.o)

Cross Reference Table

Symbol                                            File
ADC1_ChannelSwithingConfig                        build/MDR32F9Qx_adc.o (symbol from plugin)
ADC1_ClearOutOfRangeFlag                          build/MDR32F9Qx_adc.o (symbol from plugin)
ADC1_ClearOverwriteFlag                           build/MDR32F9Qx_adc.o (symbol from plugin)
ADC1_Cmd                                          build/MDR32F9Qx_adc.o (symbol from plugin)
ADC1_GetFlagStatus                                build/MDR32F9Qx_adc.o (symbol from plugin)
ADC1_GetITStatus                                  build/MDR32F9Qx_adc.o (symbol from plugin)
ADC1_GetResult                                    build/MDR32F9Qx_adc.o (symbol from plugin)
ADC1_GetStatus                                    build/MDR32F9Qx_adc.o (symbol from plugin)
ADC1_ITConfig                                     build/MDR32F9Qx_adc.o (symbol from plugin)
ADC1_Init                                         build/MDR32F9Qx_adc.o (symbol from plugin)
ADC1_LevelsConfig                                 build/MDR32F9Qx_adc.o (symbol from plugin)
ADC1_OperationModeConfig                          build/MDR32F9Qx_adc.o (symbol from plugin)
ADC1_SamplingModeConfig                           build/MDR32F9Qx_adc.o (symbol from plugin)
ADC1_SetChannel                                   build/MDR32F9Qx_adc.o (symbol from plugin)
ADC1_SetChannels                                  build/MDR32F9Qx_adc.o (symbol from plugin)
ADC1_SetHighLevel                                 build/MDR32F9Qx_adc.o (symbol from plugin)
ADC1_SetLowLevel                                  build/MDR32F9Qx_adc.o (symbol from plugin)
ADC1_Start                                        build/MDR32F9Qx_adc.o (symbol from plugin)
ADC2_ChannelSwithingConfig                        build/MDR32F9Qx_adc.o (symbol from plugin)
ADC2_ClearOutOfRangeFlag                          build/MDR32F9Qx_adc.o (symbol from plugin)
ADC2_ClearOverwriteFlag                           build/MDR32F9Qx_adc.o (symbol from plugin)
ADC2_Cmd                                          build/MDR32F9Qx_adc.o (symbol from plugin)
ADC2_GetFlagStatus                                build/MDR32F9Qx_adc.o (symbol from plugin)
ADC2_GetITStatus                                  build/MDR32F9Qx_adc.o (symbol from plugin)
ADC2_GetResult                                    build/MDR32F9Qx_adc.o (symbol from plugin)
ADC2_GetStatus                                    build/MDR32F9Qx_adc.o (symbol from plugin)
ADC2_ITConfig                                     build/MDR32F9Qx_adc.o (symbol from plugin)
ADC2_Init                                         build/MDR32F9Qx_adc.o (symbol from plugin)
ADC2_LevelsConfig                                 build/MDR32F9Qx_adc.o (symbol from plugin)
ADC2_OperationModeConfig                          build/MDR32F9Qx_adc.o (symbol from plugin)
ADC2_SamplingModeConfig                           build/MDR32F9Qx_adc.o (symbol from plugin)
ADC2_SetChannel                                   build/MDR32F9Qx_adc.o (symbol from plugin)
ADC2_SetChannels                                  build/MDR32F9Qx_adc.o (symbol from plugin)
ADC2_SetHighLevel                                 build/MDR32F9Qx_adc.o (symbol from plugin)
ADC2_SetLowLevel                                  build/MDR32F9Qx_adc.o (symbol from plugin)
ADC2_Start                                        build/MDR32F9Qx_adc.o (symbol from plugin)
ADC_DeInit                                        build/MDR32F9Qx_adc.o (symbol from plugin)
ADC_GetFlagStatus                                 build/MDR32F9Qx_adc.o (symbol from plugin)
ADC_GetITStatus                                   build/MDR32F9Qx_adc.o (symbol from plugin)
ADC_GetStatus                                     build/MDR32F9Qx_adc.o (symbol from plugin)
ADC_IRQHandler                                    build/startup_MDR32F9Qx.o
ADC_ITConfig                                      build/MDR32F9Qx_adc.o (symbol from plugin)
ADC_Init                                          build/MDR32F9Qx_adc.o (symbol from plugin)
ADC_SetTrim                                       build/MDR32F9Qx_adc.o (symbol from plugin)
ADC_StructInit                                    build/MDR32F9Qx_adc.o (symbol from plugin)
ADCx_StructInit                                   build/MDR32F9Qx_adc.o (symbol from plugin)
BACKUP_IRQHandler                                 build/startup_MDR32F9Qx.o
BusFault_Handler                                  build/startup_MDR32F9Qx.o
CAN1_IRQHandler                                   build/startup_MDR32F9Qx.o
CAN2_IRQHandler                                   build/startup_MDR32F9Qx.o
CAN_BRGInit                                       build/MDR32F9Qx_can.o (symbol from plugin)
CAN_BufferRelease                                 build/MDR32F9Qx_can.o (symbol from plugin)
CAN_Cmd                                           build/MDR32F9Qx_can.o (symbol from plugin)
CAN_DeInit                                        build/MDR32F9Qx_can.o (symbol from plugin)
CAN_FilterInit                                    build/MDR32F9Qx_can.o (symbol from plugin)
CAN_GetBufferStatus                               build/MDR32F9Qx_can.o (symbol from plugin)
CAN_GetDisabledBuffer                             build/MDR32F9Qx_can.o (symbol from plugin)
CAN_GetEmptyTransferBuffer                        build/MDR32F9Qx_can.o (symbol from plugin)
CAN_GetITState                                    build/MDR32F9Qx_can.o (symbol from plugin)
CAN_GetRawReceivedData                            build/MDR32F9Qx_can.o (symbol from plugin)
CAN_GetReceivedData                               build/MDR32F9Qx_can.o (symbol from plugin)
CAN_GetRx                                         build/MDR32F9Qx_can.o (symbol from plugin)
CAN_GetRxITStatus                                 build/MDR32F9Qx_can.o (symbol from plugin)
CAN_GetStatus                                     build/MDR32F9Qx_can.o (symbol from plugin)
CAN_GetTxITStatus                                 build/MDR32F9Qx_can.o (symbol from plugin)
CAN_ITClearErrorPendingBit                        build/MDR32F9Qx_can.o (symbol from plugin)
CAN_ITClearRxTxPendingBit                         build/MDR32F9Qx_can.o (symbol from plugin)
CAN_ITConfig                                      build/MDR32F9Qx_can.o (symbol from plugin)
CAN_Init                                          build/MDR32F9Qx_can.o (symbol from plugin)
CAN_RTRReply                                      build/MDR32F9Qx_can.o (symbol from plugin)
CAN_Receive                                       build/MDR32F9Qx_can.o (symbol from plugin)
CAN_RxITConfig                                    build/MDR32F9Qx_can.o (symbol from plugin)
CAN_SendRTR                                       build/MDR32F9Qx_can.o (symbol from plugin)
CAN_StructInit                                    build/MDR32F9Qx_can.o (symbol from plugin)
CAN_Transmit                                      build/MDR32F9Qx_can.o (symbol from plugin)
CAN_TxITConfig                                    build/MDR32F9Qx_can.o (symbol from plugin)
COMPARATOR_IRQHandler                             build/startup_MDR32F9Qx.o
COMP_CVRefCmd                                     build/MDR32F9Qx_comp.o (symbol from plugin)
COMP_CVRefInit                                    build/MDR32F9Qx_comp.o (symbol from plugin)
COMP_CVRefRangeConfig                             build/MDR32F9Qx_comp.o (symbol from plugin)
COMP_CVRefScaleConfig                             build/MDR32F9Qx_comp.o (symbol from plugin)
COMP_CVRefSourceConfig                            build/MDR32F9Qx_comp.o (symbol from plugin)
COMP_CVRefStructInit                              build/MDR32F9Qx_comp.o (symbol from plugin)
COMP_Cmd                                          build/MDR32F9Qx_comp.o (symbol from plugin)
COMP_DeInit                                       build/MDR32F9Qx_comp.o (symbol from plugin)
COMP_GetCfgFlagStatus                             build/MDR32F9Qx_comp.o (symbol from plugin)
COMP_GetFlagStatus                                build/MDR32F9Qx_comp.o (symbol from plugin)
COMP_GetResultLatch                               build/MDR32F9Qx_comp.o (symbol from plugin)
COMP_GetStatus                                    build/MDR32F9Qx_comp.o (symbol from plugin)
COMP_ITConfig                                     build/MDR32F9Qx_comp.o (symbol from plugin)
COMP_Init                                         build/MDR32F9Qx_comp.o (symbol from plugin)
COMP_MInpSourceConfig                             build/MDR32F9Qx_comp.o (symbol from plugin)
COMP_OutInversionConfig                           build/MDR32F9Qx_comp.o (symbol from plugin)
COMP_PInpSourceConfig                             build/MDR32F9Qx_comp.o (symbol from plugin)
COMP_StructInit                                   build/MDR32F9Qx_comp.o (symbol from plugin)
DAC1_Cmd                                          build/MDR32F9Qx_dac.o (symbol from plugin)
DAC1_GetData                                      build/MDR32F9Qx_dac.o (symbol from plugin)
DAC1_Init                                         build/MDR32F9Qx_dac.o (symbol from plugin)
DAC1_SetData                                      build/MDR32F9Qx_dac.o (symbol from plugin)
DAC2_Cmd                                          build/MDR32F9Qx_dac.o (symbol from plugin)
DAC2_GetData                                      build/MDR32F9Qx_dac.o (symbol from plugin)
DAC2_Init                                         build/MDR32F9Qx_dac.o (symbol from plugin)
DAC2_SetData                                      build/MDR32F9Qx_dac.o (symbol from plugin)
DAC_DeInit                                        build/MDR32F9Qx_dac.o (symbol from plugin)
DAC_Init                                          build/MDR32F9Qx_dac.o (symbol from plugin)
DMA_ClearError                                    build/MDR32F9Qx_dma.o (symbol from plugin)
DMA_Cmd                                           build/MDR32F9Qx_dma.o (symbol from plugin)
DMA_ControlTable                                  build/MDR32F9Qx_dma.o (symbol from plugin)
DMA_CtrlDataInit                                  build/MDR32F9Qx_dma.o (symbol from plugin)
DMA_CtrlInit                                      build/MDR32F9Qx_dma.o (symbol from plugin)
DMA_DeInit                                        build/MDR32F9Qx_dma.o (symbol from plugin)
DMA_GetCurrTransferCounter                        build/MDR32F9Qx_dma.o (symbol from plugin)
DMA_GetFlagStatus                                 build/MDR32F9Qx_dma.o (symbol from plugin)
DMA_IRQHandler                                    build/startup_MDR32F9Qx.o
DMA_Init                                          build/MDR32F9Qx_dma.o (symbol from plugin)
DMA_Request                                       build/MDR32F9Qx_dma.o (symbol from plugin)
DMA_SG_CtrlInit                                   build/MDR32F9Qx_dma.o (symbol from plugin)
DMA_SG_Init                                       build/MDR32F9Qx_dma.o (symbol from plugin)
DMA_SG_StructInit                                 build/MDR32F9Qx_dma.o (symbol from plugin)
DMA_StructInit                                    build/MDR32F9Qx_dma.o (symbol from plugin)
DebugMon_Handler                                  build/startup_MDR32F9Qx.o
Default_Handler                                   build/startup_MDR32F9Qx.o
EBC_CalcNandCycles                                build/MDR32F9Qx_ebc.o (symbol from plugin)
EBC_CalcWaitStates                                build/MDR32F9Qx_ebc.o (symbol from plugin)
EBC_DeInit                                        build/MDR32F9Qx_ebc.o (symbol from plugin)
EBC_GetBusyStatus                                 build/MDR32F9Qx_ebc.o (symbol from plugin)
EBC_Init                                          build/MDR32F9Qx_ebc.o (symbol from plugin)
EBC_StructInit                                    build/MDR32F9Qx_ebc.o (symbol from plugin)
EXT_INT1_IRQHandler                               build/startup_MDR32F9Qx.o
EXT_INT2_IRQHandler                               build/startup_MDR32F9Qx.o
EXT_INT3_IRQHandler                               build/startup_MDR32F9Qx.o
EXT_INT4_IRQHandler                               build/startup_MDR32F9Qx.o
HardFault_Handler                                 build/startup_MDR32F9Qx.o
I2C_CheckEvent                                    build/MDR32F9Qx_i2c.o (symbol from plugin)
I2C_ClearITPendingBit                             build/MDR32F9Qx_i2c.o (symbol from plugin)
I2C_Cmd                                           build/MDR32F9Qx_i2c.o (symbol from plugin)
I2C_DeInit                                        build/MDR32F9Qx_i2c.o (symbol from plugin)
I2C_GetFlagStatus                                 build/MDR32F9Qx_i2c.o (symbol from plugin)
I2C_GetITStatus                                   build/MDR32F9Qx_i2c.o (symbol from plugin)
I2C_GetLastEvent                                  build/MDR32F9Qx_i2c.o (symbol from plugin)
I2C_GetReceivedData                               build/MDR32F9Qx_i2c.o (symbol from plugin)
I2C_IRQHandler                                    build/startup_MDR32F9Qx.o
I2C_ITConfig                                      build/MDR32F9Qx_i2c.o (symbol from plugin)
I2C_Init                                          build/MDR32F9Qx_i2c.o (symbol from plugin)
I2C_Send7bitAddress                               build/MDR32F9Qx_i2c.o (symbol from plugin)
I2C_SendByte                                      build/MDR32F9Qx_i2c.o (symbol from plugin)
I2C_SendSTOP                                      build/MDR32F9Qx_i2c.o (symbol from plugin)
I2C_StartReceiveData                              build/MDR32F9Qx_i2c.o (symbol from plugin)
I2C_StructInit                                    build/MDR32F9Qx_i2c.o (symbol from plugin)
IWDG_Enable                                       build/MDR32F9Qx_iwdg.o (symbol from plugin)
IWDG_GetFlagStatus                                build/MDR32F9Qx_iwdg.o (symbol from plugin)
IWDG_GetPrescaler                                 build/MDR32F9Qx_iwdg.o (symbol from plugin)
IWDG_GetReload                                    build/MDR32F9Qx_iwdg.o (symbol from plugin)
IWDG_ReloadCounter                                build/MDR32F9Qx_iwdg.o (symbol from plugin)
IWDG_SetPrescaler                                 build/MDR32F9Qx_iwdg.o (symbol from plugin)
IWDG_SetReload                                    build/MDR32F9Qx_iwdg.o (symbol from plugin)
IWDG_WriteAccessDisable                           build/MDR32F9Qx_iwdg.o (symbol from plugin)
IWDG_WriteAccessEnable                            build/MDR32F9Qx_iwdg.o (symbol from plugin)
MDR32F9Qx_adc.c.c1b1c53a                          /tmp/cc0Mn2OG.debug.temp.o
MDR32F9Qx_arinc429r.c.cf3adef2                    /tmp/ccc2aBhJ.debug.temp.o
MDR32F9Qx_arinc429t.c.88edd3e5                    /tmp/cccxvpB6.debug.temp.o
MDR32F9Qx_audio.c.bc37bf50                        /tmp/ccg6Zdbp.debug.temp.o
MDR32F9Qx_can.c.c324a573                          /tmp/cckyYDjc.debug.temp.o
MDR32F9Qx_comp.c.c695c377                         /tmp/cc0HvYcZ.debug.temp.o
MDR32F9Qx_dac.c.07b3c96a                          /tmp/ccy8f0R5.debug.temp.o
MDR32F9Qx_dma.c.cfee1b02                          /tmp/ccwP5iW1.debug.temp.o
MDR32F9Qx_ebc.c.d382ab50                          /tmp/ccCS6ovU.debug.temp.o
MDR32F9Qx_eth.c.94bc0fad                          /tmp/cco2Sidu.debug.temp.o
MDR32F9Qx_i2c.c.c77fa152                          /tmp/cciuvVML.debug.temp.o
MDR32F9Qx_iwdg.c.8306d48c                         /tmp/cc8qXAux.debug.temp.o
MDR32F9Qx_keypad.c.20afbaf5                       /tmp/ccfkQR1p.debug.temp.o
MDR32F9Qx_led.c.b7e39b9f                          /tmp/ccR2LzeP.debug.temp.o
MDR32F9Qx_mil_std_1553.c.6a57f540                 /tmp/ccBTtCya.debug.temp.o
MDR32F9Qx_port.c.450e93b9                         /tmp/ccjuIRyE.debug.temp.o
                                                  /tmp/output.elf.S4J7EQ.ltrans0.ltrans.o
MDR32F9Qx_power.c.ee2f43d8                        /tmp/ccXJQdf1.debug.temp.o
MDR32F9Qx_rst_clk.c.4cf4a819                      /tmp/ccfL6KLI.debug.temp.o
                                                  /tmp/output.elf.S4J7EQ.ltrans0.ltrans.o
MDR32F9Qx_ssp.c.2b0a498c                          /tmp/ccJTzR9J.debug.temp.o
                                                  /tmp/output.elf.S4J7EQ.ltrans0.ltrans.o
MDR32F9Qx_timer.c.36192041                        /tmp/ccb4FqaA.debug.temp.o
MDR32F9Qx_uart.c.66e6497d                         /tmp/cccmhURa.debug.temp.o
MDR32F9Qx_usb.c.097882cd                          /tmp/ccCNFM2t.debug.temp.o
MDR32F9Qx_wwdg.c.13c2bf76                         /tmp/cchxmFqY.debug.temp.o
MemManage_Handler                                 build/startup_MDR32F9Qx.o
NMI_Handler                                       build/startup_MDR32F9Qx.o
PORT_DeInit                                       build/MDR32F9Qx_port.o (symbol from plugin)
PORT_Init                                         build/MDR32F9Qx_port.o (symbol from plugin)
                                                  build/joystick.o (symbol from plugin)
                                                  build/inits.o (symbol from plugin)
PORT_ReadInputData                                build/MDR32F9Qx_port.o (symbol from plugin)
PORT_ReadInputDataBit                             build/MDR32F9Qx_port.o (symbol from plugin)
PORT_ResetBits                                    build/MDR32F9Qx_port.o (symbol from plugin)
PORT_SetBits                                      build/MDR32F9Qx_port.o (symbol from plugin)
PORT_StructInit                                   build/MDR32F9Qx_port.o (symbol from plugin)
PORT_Write                                        build/MDR32F9Qx_port.o (symbol from plugin)
PORT_WriteBit                                     build/MDR32F9Qx_port.o (symbol from plugin)
POWER_ClearFlag                                   build/MDR32F9Qx_power.o (symbol from plugin)
POWER_DUccMode                                    build/MDR32F9Qx_power.o (symbol from plugin)
POWER_DUccStandby                                 build/MDR32F9Qx_power.o (symbol from plugin)
POWER_DUccTrim                                    build/MDR32F9Qx_power.o (symbol from plugin)
POWER_DeInit                                      build/MDR32F9Qx_power.o (symbol from plugin)
POWER_EnterSTANDBYMode                            build/MDR32F9Qx_power.o (symbol from plugin)
POWER_EnterSTOPMode                               build/MDR32F9Qx_power.o (symbol from plugin)
POWER_FlagPORstatus                               build/MDR32F9Qx_power.o (symbol from plugin)
POWER_GetFlagStatus                               build/MDR32F9Qx_power.o (symbol from plugin)
POWER_IRQHandler                                  build/startup_MDR32F9Qx.o
POWER_PVBDlevelConfig                             build/MDR32F9Qx_power.o (symbol from plugin)
POWER_PVD_INVconfig                               build/MDR32F9Qx_power.o (symbol from plugin)
POWER_PVD_ITconfig                                build/MDR32F9Qx_power.o (symbol from plugin)
POWER_PVDenable                                   build/MDR32F9Qx_power.o (symbol from plugin)
POWER_PVDlevelConfig                              build/MDR32F9Qx_power.o (symbol from plugin)
POWER_SetFlagPOR                                  build/MDR32F9Qx_power.o (symbol from plugin)
PendSV_Handler                                    build/startup_MDR32F9Qx.o
RST_CLK_ADCclkEnable                              build/MDR32F9Qx_rst_clk.o (symbol from plugin)
RST_CLK_ADCclkPrescaler                           build/MDR32F9Qx_rst_clk.o (symbol from plugin)
RST_CLK_ADCclkSelection                           build/MDR32F9Qx_rst_clk.o (symbol from plugin)
RST_CLK_CPU_PLLcmd                                build/MDR32F9Qx_rst_clk.o (symbol from plugin)
RST_CLK_CPU_PLLconfig                             build/MDR32F9Qx_rst_clk.o (symbol from plugin)
RST_CLK_CPU_PLLstatus                             build/MDR32F9Qx_rst_clk.o (symbol from plugin)
RST_CLK_CPU_PLLuse                                build/MDR32F9Qx_rst_clk.o (symbol from plugin)
RST_CLK_CPUclkPrescaler                           build/MDR32F9Qx_rst_clk.o (symbol from plugin)
RST_CLK_CPUclkSelection                           build/MDR32F9Qx_rst_clk.o (symbol from plugin)
RST_CLK_CPUclkSelectionC1                         build/MDR32F9Qx_rst_clk.o (symbol from plugin)
RST_CLK_DeInit                                    build/MDR32F9Qx_rst_clk.o (symbol from plugin)
RST_CLK_GetClocksFreq                             build/MDR32F9Qx_rst_clk.o (symbol from plugin)
                                                  build/MDR32F9Qx_uart.o (symbol from plugin)
RST_CLK_GetFlagStatus                             build/MDR32F9Qx_rst_clk.o (symbol from plugin)
RST_CLK_HSEclkPrescaler                           build/MDR32F9Qx_rst_clk.o (symbol from plugin)
RST_CLK_HSEconfig                                 build/MDR32F9Qx_rst_clk.o (symbol from plugin)
RST_CLK_HSEstatus                                 build/MDR32F9Qx_rst_clk.o (symbol from plugin)
RST_CLK_HSIadjust                                 build/MDR32F9Qx_rst_clk.o (symbol from plugin)
RST_CLK_HSIclkPrescaler                           build/MDR32F9Qx_rst_clk.o (symbol from plugin)
RST_CLK_HSIcmd                                    build/MDR32F9Qx_rst_clk.o (symbol from plugin)
RST_CLK_HSIstatus                                 build/MDR32F9Qx_rst_clk.o (symbol from plugin)
RST_CLK_LSEconfig                                 build/MDR32F9Qx_rst_clk.o (symbol from plugin)
RST_CLK_LSEstatus                                 build/MDR32F9Qx_rst_clk.o (symbol from plugin)
RST_CLK_LSIadjust                                 build/MDR32F9Qx_rst_clk.o (symbol from plugin)
RST_CLK_LSIcmd                                    build/MDR32F9Qx_rst_clk.o (symbol from plugin)
RST_CLK_LSIstatus                                 build/MDR32F9Qx_rst_clk.o (symbol from plugin)
RST_CLK_PCLKcmd                                   build/MDR32F9Qx_rst_clk.o (symbol from plugin)
                                                  build/joystick.o (symbol from plugin)
                                                  build/inits.o (symbol from plugin)
RST_CLK_RTC_HSEclkEnable                          build/MDR32F9Qx_rst_clk.o (symbol from plugin)
RST_CLK_RTC_HSIclkEnable                          build/MDR32F9Qx_rst_clk.o (symbol from plugin)
RST_CLK_USB_PLLcmd                                build/MDR32F9Qx_rst_clk.o (symbol from plugin)
RST_CLK_USB_PLLconfig                             build/MDR32F9Qx_rst_clk.o (symbol from plugin)
RST_CLK_USB_PLLstatus                             build/MDR32F9Qx_rst_clk.o (symbol from plugin)
RST_CLK_USB_PLLuse                                build/MDR32F9Qx_rst_clk.o (symbol from plugin)
RST_CLK_USBclkEnable                              build/MDR32F9Qx_rst_clk.o (symbol from plugin)
RST_CLK_USBclkPrescaler                           build/MDR32F9Qx_rst_clk.o (symbol from plugin)
RST_CLK_WarmDeInit                                build/MDR32F9Qx_rst_clk.o (symbol from plugin)
Reset_Handler                                     build/startup_MDR32F9Qx.o
SSP1_IRQHandler                                   build/startup_MDR32F9Qx.o
SSP2_IRQHandler                                   build/startup_MDR32F9Qx.o
SSP_BRGInit                                       build/MDR32F9Qx_ssp.o (symbol from plugin)
                                                  build/inits.o (symbol from plugin)
SSP_ClearITPendingBit                             build/MDR32F9Qx_ssp.o (symbol from plugin)
SSP_Cmd                                           build/MDR32F9Qx_ssp.o (symbol from plugin)
                                                  build/inits.o (symbol from plugin)
SSP_DMACmd                                        build/MDR32F9Qx_ssp.o (symbol from plugin)
SSP_DeInit                                        build/MDR32F9Qx_ssp.o (symbol from plugin)
                                                  build/inits.o (symbol from plugin)
SSP_GetFlagStatus                                 build/MDR32F9Qx_ssp.o (symbol from plugin)
SSP_GetITStatus                                   build/MDR32F9Qx_ssp.o (symbol from plugin)
SSP_GetITStatusMasked                             build/MDR32F9Qx_ssp.o (symbol from plugin)
SSP_ITConfig                                      build/MDR32F9Qx_ssp.o (symbol from plugin)
SSP_Init                                          build/MDR32F9Qx_ssp.o (symbol from plugin)
                                                  build/inits.o (symbol from plugin)
SSP_ReceiveData                                   build/MDR32F9Qx_ssp.o (symbol from plugin)
SSP_SendData                                      build/MDR32F9Qx_ssp.o (symbol from plugin)
                                                  build/led_controls.o (symbol from plugin)
SSP_StructInit                                    build/MDR32F9Qx_ssp.o (symbol from plugin)
                                                  build/inits.o (symbol from plugin)
SVC_Handler                                       build/startup_MDR32F9Qx.o
SysTick_Handler                                   build/startup_MDR32F9Qx.o
SystemCoreClock                                   build/system_MDR32F9Qx.o (symbol from plugin)
SystemCoreClockUpdate                             build/system_MDR32F9Qx.o (symbol from plugin)
SystemInit                                        /tmp/output.elf.S4J7EQ.ltrans0.ltrans.o
                                                  build/system_MDR32F9Qx.o (symbol from plugin)
                                                  build/startup_MDR32F9Qx.o
TIMER_BRGInit                                     build/MDR32F9Qx_timer.o (symbol from plugin)
TIMER_BRKPolarityConfig                           build/MDR32F9Qx_timer.o (symbol from plugin)
TIMER_ChnBRKResetConfig                           build/MDR32F9Qx_timer.o (symbol from plugin)
TIMER_ChnCCR1_Cmd                                 build/MDR32F9Qx_timer.o (symbol from plugin)
TIMER_ChnCCR1_EventSourceConfig                   build/MDR32F9Qx_timer.o (symbol from plugin)
TIMER_ChnCapturePrescalerConfig                   build/MDR32F9Qx_timer.o (symbol from plugin)
TIMER_ChnCompare1Config                           build/MDR32F9Qx_timer.o (symbol from plugin)
TIMER_ChnCompareConfig                            build/MDR32F9Qx_timer.o (symbol from plugin)
TIMER_ChnETRResetConfig                           build/MDR32F9Qx_timer.o (symbol from plugin)
TIMER_ChnETR_Cmd                                  build/MDR32F9Qx_timer.o (symbol from plugin)
TIMER_ChnEventSourceConfig                        build/MDR32F9Qx_timer.o (symbol from plugin)
TIMER_ChnFilterConfig                             build/MDR32F9Qx_timer.o (symbol from plugin)
TIMER_ChnInit                                     build/MDR32F9Qx_timer.o (symbol from plugin)
TIMER_ChnNOutConfig                               build/MDR32F9Qx_timer.o (symbol from plugin)
TIMER_ChnNOutModeConfig                           build/MDR32F9Qx_timer.o (symbol from plugin)
TIMER_ChnNOutPolarityConfig                       build/MDR32F9Qx_timer.o (symbol from plugin)
TIMER_ChnNOutSourceConfig                         build/MDR32F9Qx_timer.o (symbol from plugin)
TIMER_ChnOutConfig                                build/MDR32F9Qx_timer.o (symbol from plugin)
TIMER_ChnOutDTGConfig                             build/MDR32F9Qx_timer.o (symbol from plugin)
TIMER_ChnOutInit                                  build/MDR32F9Qx_timer.o (symbol from plugin)
TIMER_ChnOutModeConfig                            build/MDR32F9Qx_timer.o (symbol from plugin)
TIMER_ChnOutPolarityConfig                        build/MDR32F9Qx_timer.o (symbol from plugin)
TIMER_ChnOutSourceConfig                          build/MDR32F9Qx_timer.o (symbol from plugin)
TIMER_ChnOutStructInit                            build/MDR32F9Qx_timer.o (symbol from plugin)
TIMER_ChnREFFormatConfig                          build/MDR32F9Qx_timer.o (symbol from plugin)
TIMER_ChnStructInit                               build/MDR32F9Qx_timer.o (symbol from plugin)
TIMER_ClearFlag                                   build/MDR32F9Qx_timer.o (symbol from plugin)
TIMER_Cmd                                         build/MDR32F9Qx_timer.o (symbol from plugin)
TIMER_CntAutoreloadConfig                         build/MDR32F9Qx_timer.o (symbol from plugin)
TIMER_CntEventSourceConfig                        build/MDR32F9Qx_timer.o (symbol from plugin)
TIMER_CntInit                                     build/MDR32F9Qx_timer.o (symbol from plugin)
TIMER_CntStructInit                               build/MDR32F9Qx_timer.o (symbol from plugin)
TIMER_CounterModeConfig                           build/MDR32F9Qx_timer.o (symbol from plugin)
TIMER_DMACmd                                      build/MDR32F9Qx_timer.o (symbol from plugin)
TIMER_DeInit                                      build/MDR32F9Qx_timer.o (symbol from plugin)
TIMER_ETRFilterConfig                             build/MDR32F9Qx_timer.o (symbol from plugin)
TIMER_ETRInputConfig                              build/MDR32F9Qx_timer.o (symbol from plugin)
TIMER_ETRPolarityConfig                           build/MDR32F9Qx_timer.o (symbol from plugin)
TIMER_ETRPrescalerConfig                          build/MDR32F9Qx_timer.o (symbol from plugin)
TIMER_FilterSamplingConfig                        build/MDR32F9Qx_timer.o (symbol from plugin)
TIMER_GetChnCapture                               build/MDR32F9Qx_timer.o (symbol from plugin)
TIMER_GetChnCapture1                              build/MDR32F9Qx_timer.o (symbol from plugin)
TIMER_GetChnWriteComplete                         build/MDR32F9Qx_timer.o (symbol from plugin)
TIMER_GetCntAutoreload                            build/MDR32F9Qx_timer.o (symbol from plugin)
TIMER_GetCntPrescaler                             build/MDR32F9Qx_timer.o (symbol from plugin)
TIMER_GetCntWriteComplete                         build/MDR32F9Qx_timer.o (symbol from plugin)
TIMER_GetCounter                                  build/MDR32F9Qx_timer.o (symbol from plugin)
TIMER_GetCounterDirection                         build/MDR32F9Qx_timer.o (symbol from plugin)
TIMER_GetFlagStatus                               build/MDR32F9Qx_timer.o (symbol from plugin)
TIMER_GetITStatus                                 build/MDR32F9Qx_timer.o (symbol from plugin)
TIMER_GetStatus                                   build/MDR32F9Qx_timer.o (symbol from plugin)
TIMER_ITConfig                                    build/MDR32F9Qx_timer.o (symbol from plugin)
TIMER_SetChnCompare                               build/MDR32F9Qx_timer.o (symbol from plugin)
TIMER_SetChnCompare1                              build/MDR32F9Qx_timer.o (symbol from plugin)
TIMER_SetCntAutoreload                            build/MDR32F9Qx_timer.o (symbol from plugin)
TIMER_SetCntPrescaler                             build/MDR32F9Qx_timer.o (symbol from plugin)
TIMER_SetCounter                                  build/MDR32F9Qx_timer.o (symbol from plugin)
TIMER_SetCounterDirection                         build/MDR32F9Qx_timer.o (symbol from plugin)
Timer1_IRQHandler                                 /tmp/output.elf.S4J7EQ.ltrans0.ltrans.o
                                                  build/startup_MDR32F9Qx.o
                                                  build/irqs.o (symbol from plugin)
Timer2_IRQHandler                                 /tmp/output.elf.S4J7EQ.ltrans0.ltrans.o
                                                  build/startup_MDR32F9Qx.o
                                                  build/irqs.o (symbol from plugin)
Timer3_IRQHandler                                 build/startup_MDR32F9Qx.o
UART1_IRQHandler                                  build/startup_MDR32F9Qx.o
UART2_IRQHandler                                  build/startup_MDR32F9Qx.o
UART_BRGInit                                      build/MDR32F9Qx_uart.o (symbol from plugin)
UART_BreakLine                                    build/MDR32F9Qx_uart.o (symbol from plugin)
UART_ClearITPendingBit                            build/MDR32F9Qx_uart.o (symbol from plugin)
UART_Cmd                                          build/MDR32F9Qx_uart.o (symbol from plugin)
UART_DMACmd                                       build/MDR32F9Qx_uart.o (symbol from plugin)
UART_DMAConfig                                    build/MDR32F9Qx_uart.o (symbol from plugin)
UART_DeInit                                       build/MDR32F9Qx_uart.o (symbol from plugin)
UART_GetFlagStatus                                build/MDR32F9Qx_uart.o (symbol from plugin)
UART_GetITStatus                                  build/MDR32F9Qx_uart.o (symbol from plugin)
UART_GetITStatusMasked                            build/MDR32F9Qx_uart.o (symbol from plugin)
UART_ITConfig                                     build/MDR32F9Qx_uart.o (symbol from plugin)
UART_Init                                         build/MDR32F9Qx_uart.o (symbol from plugin)
UART_IrDACmd                                      build/MDR32F9Qx_uart.o (symbol from plugin)
UART_IrDAConfig                                   build/MDR32F9Qx_uart.o (symbol from plugin)
UART_ReceiveData                                  build/MDR32F9Qx_uart.o (symbol from plugin)
UART_SendData                                     build/MDR32F9Qx_uart.o (symbol from plugin)
UART_StructInit                                   build/MDR32F9Qx_uart.o (symbol from plugin)
USB_BRGInit                                       build/MDR32F9Qx_usb.o (symbol from plugin)
USB_GetHFN                                        build/MDR32F9Qx_usb.o (symbol from plugin)
USB_GetHIM                                        build/MDR32F9Qx_usb.o (symbol from plugin)
USB_GetHIS                                        build/MDR32F9Qx_usb.o (symbol from plugin)
USB_GetHRXA                                       build/MDR32F9Qx_usb.o (symbol from plugin)
USB_GetHRXCS                                      build/MDR32F9Qx_usb.o (symbol from plugin)
USB_GetHRXE                                       build/MDR32F9Qx_usb.o (symbol from plugin)
USB_GetHRXFC                                      build/MDR32F9Qx_usb.o (symbol from plugin)
USB_GetHRXFD                                      build/MDR32F9Qx_usb.o (symbol from plugin)
USB_GetHRXFDC                                     build/MDR32F9Qx_usb.o (symbol from plugin)
USB_GetHRXP                                       build/MDR32F9Qx_usb.o (symbol from plugin)
USB_GetHRXS                                       build/MDR32F9Qx_usb.o (symbol from plugin)
USB_GetHSCR                                       build/MDR32F9Qx_usb.o (symbol from plugin)
USB_GetHSTM                                       build/MDR32F9Qx_usb.o (symbol from plugin)
USB_GetHSVR                                       build/MDR32F9Qx_usb.o (symbol from plugin)
USB_GetHTXA                                       build/MDR32F9Qx_usb.o (symbol from plugin)
USB_GetHTXC                                       build/MDR32F9Qx_usb.o (symbol from plugin)
USB_GetHTXE                                       build/MDR32F9Qx_usb.o (symbol from plugin)
USB_GetHTXFC                                      build/MDR32F9Qx_usb.o (symbol from plugin)
USB_GetHTXFD                                      build/MDR32F9Qx_usb.o (symbol from plugin)
USB_GetHTXLC                                      build/MDR32F9Qx_usb.o (symbol from plugin)
USB_GetHTXSE                                      build/MDR32F9Qx_usb.o (symbol from plugin)
USB_GetHTXT                                       build/MDR32F9Qx_usb.o (symbol from plugin)
USB_GetSA                                         build/MDR32F9Qx_usb.o (symbol from plugin)
USB_GetSC                                         build/MDR32F9Qx_usb.o (symbol from plugin)
USB_GetSEPxCTRL                                   build/MDR32F9Qx_usb.o (symbol from plugin)
USB_GetSEPxNTS                                    build/MDR32F9Qx_usb.o (symbol from plugin)
USB_GetSEPxRXFC                                   build/MDR32F9Qx_usb.o (symbol from plugin)
USB_GetSEPxRXFD                                   build/MDR32F9Qx_usb.o (symbol from plugin)
USB_GetSEPxRXFDC                                  build/MDR32F9Qx_usb.o (symbol from plugin)
USB_GetSEPxSTS                                    build/MDR32F9Qx_usb.o (symbol from plugin)
USB_GetSEPxTS                                     build/MDR32F9Qx_usb.o (symbol from plugin)
USB_GetSEPxTXFD                                   build/MDR32F9Qx_usb.o (symbol from plugin)
USB_GetSEPxTXFDC                                  build/MDR32F9Qx_usb.o (symbol from plugin)
USB_GetSFN                                        build/MDR32F9Qx_usb.o (symbol from plugin)
USB_GetSIM                                        build/MDR32F9Qx_usb.o (symbol from plugin)
USB_GetSIS                                        build/MDR32F9Qx_usb.o (symbol from plugin)
USB_GetSLS                                        build/MDR32F9Qx_usb.o (symbol from plugin)
USB_IRQHandler                                    build/startup_MDR32F9Qx.o
USB_Reset                                         build/MDR32F9Qx_usb.o (symbol from plugin)
USB_SEPxToggleEPDATASEQ                           build/MDR32F9Qx_usb.o (symbol from plugin)
USB_SetHIM                                        build/MDR32F9Qx_usb.o (symbol from plugin)
USB_SetHIS                                        build/MDR32F9Qx_usb.o (symbol from plugin)
USB_SetHRXFC                                      build/MDR32F9Qx_usb.o (symbol from plugin)
USB_SetHSCR                                       build/MDR32F9Qx_usb.o (symbol from plugin)
USB_SetHTXA                                       build/MDR32F9Qx_usb.o (symbol from plugin)
USB_SetHTXC                                       build/MDR32F9Qx_usb.o (symbol from plugin)
USB_SetHTXE                                       build/MDR32F9Qx_usb.o (symbol from plugin)
USB_SetHTXFC                                      build/MDR32F9Qx_usb.o (symbol from plugin)
USB_SetHTXFD                                      build/MDR32F9Qx_usb.o (symbol from plugin)
USB_SetHTXLC                                      build/MDR32F9Qx_usb.o (symbol from plugin)
USB_SetHTXSE                                      build/MDR32F9Qx_usb.o (symbol from plugin)
USB_SetHTXT                                       build/MDR32F9Qx_usb.o (symbol from plugin)
USB_SetSA                                         build/MDR32F9Qx_usb.o (symbol from plugin)
USB_SetSC                                         build/MDR32F9Qx_usb.o (symbol from plugin)
USB_SetSEPxCTRL                                   build/MDR32F9Qx_usb.o (symbol from plugin)
USB_SetSEPxRXFC                                   build/MDR32F9Qx_usb.o (symbol from plugin)
USB_SetSEPxTXFD                                   build/MDR32F9Qx_usb.o (symbol from plugin)
USB_SetSEPxTXFDC                                  build/MDR32F9Qx_usb.o (symbol from plugin)
USB_SetSIM                                        build/MDR32F9Qx_usb.o (symbol from plugin)
USB_SetSIS                                        build/MDR32F9Qx_usb.o (symbol from plugin)
UsageFault_Handler                                build/startup_MDR32F9Qx.o
WWDG_ClearFlag                                    build/MDR32F9Qx_wwdg.o (symbol from plugin)
WWDG_DeInit                                       build/MDR32F9Qx_wwdg.o (symbol from plugin)
WWDG_Enable                                       build/MDR32F9Qx_wwdg.o (symbol from plugin)
WWDG_EnableIT                                     build/MDR32F9Qx_wwdg.o (symbol from plugin)
WWDG_GetCounter                                   build/MDR32F9Qx_wwdg.o (symbol from plugin)
WWDG_GetFlagStatus                                build/MDR32F9Qx_wwdg.o (symbol from plugin)
WWDG_GetPrescaler                                 build/MDR32F9Qx_wwdg.o (symbol from plugin)
WWDG_GetWindowValue                               build/MDR32F9Qx_wwdg.o (symbol from plugin)
WWDG_IRQHandler                                   build/startup_MDR32F9Qx.o
WWDG_SetCounter                                   build/MDR32F9Qx_wwdg.o (symbol from plugin)
WWDG_SetPrescaler                                 build/MDR32F9Qx_wwdg.o (symbol from plugin)
WWDG_SetWindowValue                               build/MDR32F9Qx_wwdg.o (symbol from plugin)
_ITM_deregisterTMCloneTable                       /usr/lib/gcc/arm-none-eabi/10.3.1/thumb/v7-m/nofp/crtbegin.o
_ITM_registerTMCloneTable                         /usr/lib/gcc/arm-none-eabi/10.3.1/thumb/v7-m/nofp/crtbegin.o
__HeapBase                                        build/startup_MDR32F9Qx.o
__HeapLimit                                       build/startup_MDR32F9Qx.o
__StackLimit                                      build/startup_MDR32F9Qx.o
__StackTop                                        build/startup_MDR32F9Qx.o
__TMC_END__                                       /usr/lib/gcc/arm-none-eabi/10.3.1/thumb/v7-m/nofp/crtend.o
                                                  /usr/lib/gcc/arm-none-eabi/10.3.1/thumb/v7-m/nofp/crtbegin.o
__adddf3                                          /usr/lib/gcc/arm-none-eabi/10.3.1/thumb/v7-m/nofp/libgcc.a(_arm_addsubdf3.o)
__aeabi_cdcmpeq                                   /usr/lib/gcc/arm-none-eabi/10.3.1/thumb/v7-m/nofp/libgcc.a(_arm_cmpdf2.o)
__aeabi_cdcmple                                   /usr/lib/gcc/arm-none-eabi/10.3.1/thumb/v7-m/nofp/libgcc.a(_arm_cmpdf2.o)
__aeabi_cdrcmple                                  /usr/lib/gcc/arm-none-eabi/10.3.1/thumb/v7-m/nofp/libgcc.a(_arm_cmpdf2.o)
__aeabi_d2iz                                      /usr/lib/gcc/arm-none-eabi/10.3.1/thumb/v7-m/nofp/libgcc.a(_arm_fixdfsi.o)
                                                  /tmp/output.elf.S4J7EQ.ltrans0.ltrans.o
                                                  /usr/lib/gcc/arm-none-eabi/10.3.1/../../../arm-none-eabi/lib/thumb/v7-m/nofp/libm.a(lib_a-k_sin.o)
                                                  /usr/lib/gcc/arm-none-eabi/10.3.1/../../../arm-none-eabi/lib/thumb/v7-m/nofp/libm.a(lib_a-k_rem_pio2.o)
                                                  /usr/lib/gcc/arm-none-eabi/10.3.1/../../../arm-none-eabi/lib/thumb/v7-m/nofp/libm.a(lib_a-k_cos.o)
                                                  /usr/lib/gcc/arm-none-eabi/10.3.1/../../../arm-none-eabi/lib/thumb/v7-m/nofp/libm.a(lib_a-e_rem_pio2.o)
__aeabi_d2uiz                                     /usr/lib/gcc/arm-none-eabi/10.3.1/thumb/v7-m/nofp/libgcc.a(_arm_fixunsdfsi.o)
                                                  /tmp/output.elf.S4J7EQ.ltrans0.ltrans.o
__aeabi_dadd                                      /usr/lib/gcc/arm-none-eabi/10.3.1/thumb/v7-m/nofp/libgcc.a(_arm_addsubdf3.o)
                                                  /tmp/output.elf.S4J7EQ.ltrans0.ltrans.o
                                                  /usr/lib/gcc/arm-none-eabi/10.3.1/../../../arm-none-eabi/lib/thumb/v7-m/nofp/libm.a(lib_a-s_scalbn.o)
                                                  /usr/lib/gcc/arm-none-eabi/10.3.1/../../../arm-none-eabi/lib/thumb/v7-m/nofp/libm.a(lib_a-k_sin.o)
                                                  /usr/lib/gcc/arm-none-eabi/10.3.1/../../../arm-none-eabi/lib/thumb/v7-m/nofp/libm.a(lib_a-k_rem_pio2.o)
                                                  /usr/lib/gcc/arm-none-eabi/10.3.1/../../../arm-none-eabi/lib/thumb/v7-m/nofp/libm.a(lib_a-k_cos.o)
                                                  /usr/lib/gcc/arm-none-eabi/10.3.1/../../../arm-none-eabi/lib/thumb/v7-m/nofp/libm.a(lib_a-e_rem_pio2.o)
                                                  /usr/lib/gcc/arm-none-eabi/10.3.1/../../../arm-none-eabi/lib/thumb/v7-m/nofp/libm.a(lib_a-s_floor.o)
__aeabi_dcmpeq                                    /usr/lib/gcc/arm-none-eabi/10.3.1/thumb/v7-m/nofp/libgcc.a(_arm_cmpdf2.o)
                                                  /usr/lib/gcc/arm-none-eabi/10.3.1/../../../arm-none-eabi/lib/thumb/v7-m/nofp/libm.a(lib_a-k_rem_pio2.o)
                                                  /usr/lib/gcc/arm-none-eabi/10.3.1/../../../arm-none-eabi/lib/thumb/v7-m/nofp/libm.a(lib_a-e_rem_pio2.o)
__aeabi_dcmpge                                    /usr/lib/gcc/arm-none-eabi/10.3.1/thumb/v7-m/nofp/libgcc.a(_arm_cmpdf2.o)
                                                  /usr/lib/gcc/arm-none-eabi/10.3.1/../../../arm-none-eabi/lib/thumb/v7-m/nofp/libm.a(lib_a-k_rem_pio2.o)
__aeabi_dcmpgt                                    /usr/lib/gcc/arm-none-eabi/10.3.1/thumb/v7-m/nofp/libgcc.a(_arm_cmpdf2.o)
                                                  /tmp/output.elf.S4J7EQ.ltrans0.ltrans.o
                                                  /usr/lib/gcc/arm-none-eabi/10.3.1/../../../arm-none-eabi/lib/thumb/v7-m/nofp/libm.a(lib_a-s_floor.o)
__aeabi_dcmple                                    /usr/lib/gcc/arm-none-eabi/10.3.1/thumb/v7-m/nofp/libgcc.a(_arm_cmpdf2.o)
__aeabi_dcmplt                                    /usr/lib/gcc/arm-none-eabi/10.3.1/thumb/v7-m/nofp/libgcc.a(_arm_cmpdf2.o)
                                                  /tmp/output.elf.S4J7EQ.ltrans0.ltrans.o
__aeabi_ddiv                                      /usr/lib/gcc/arm-none-eabi/10.3.1/thumb/v7-m/nofp/libgcc.a(_arm_muldivdf3.o)
                                                  /tmp/output.elf.S4J7EQ.ltrans0.ltrans.o
__aeabi_dmul                                      /usr/lib/gcc/arm-none-eabi/10.3.1/thumb/v7-m/nofp/libgcc.a(_arm_muldivdf3.o)
                                                  /usr/lib/gcc/arm-none-eabi/10.3.1/thumb/v7-m/nofp/libgcc.a(_arm_muldf3.o)
                                                  /tmp/output.elf.S4J7EQ.ltrans0.ltrans.o
                                                  /usr/lib/gcc/arm-none-eabi/10.3.1/../../../arm-none-eabi/lib/thumb/v7-m/nofp/libm.a(lib_a-s_scalbn.o)
                                                  /usr/lib/gcc/arm-none-eabi/10.3.1/../../../arm-none-eabi/lib/thumb/v7-m/nofp/libm.a(lib_a-k_sin.o)
                                                  /usr/lib/gcc/arm-none-eabi/10.3.1/../../../arm-none-eabi/lib/thumb/v7-m/nofp/libm.a(lib_a-k_rem_pio2.o)
                                                  /usr/lib/gcc/arm-none-eabi/10.3.1/../../../arm-none-eabi/lib/thumb/v7-m/nofp/libm.a(lib_a-k_cos.o)
                                                  /usr/lib/gcc/arm-none-eabi/10.3.1/../../../arm-none-eabi/lib/thumb/v7-m/nofp/libm.a(lib_a-e_rem_pio2.o)
__aeabi_drsub                                     /usr/lib/gcc/arm-none-eabi/10.3.1/thumb/v7-m/nofp/libgcc.a(_arm_addsubdf3.o)
__aeabi_dsub                                      /usr/lib/gcc/arm-none-eabi/10.3.1/thumb/v7-m/nofp/libgcc.a(_arm_addsubdf3.o)
                                                  /tmp/output.elf.S4J7EQ.ltrans0.ltrans.o
                                                  /usr/lib/gcc/arm-none-eabi/10.3.1/../../../arm-none-eabi/lib/thumb/v7-m/nofp/libm.a(lib_a-k_sin.o)
                                                  /usr/lib/gcc/arm-none-eabi/10.3.1/../../../arm-none-eabi/lib/thumb/v7-m/nofp/libm.a(lib_a-k_rem_pio2.o)
                                                  /usr/lib/gcc/arm-none-eabi/10.3.1/../../../arm-none-eabi/lib/thumb/v7-m/nofp/libm.a(lib_a-k_cos.o)
                                                  /usr/lib/gcc/arm-none-eabi/10.3.1/../../../arm-none-eabi/lib/thumb/v7-m/nofp/libm.a(lib_a-e_rem_pio2.o)
                                                  /usr/lib/gcc/arm-none-eabi/10.3.1/../../../arm-none-eabi/lib/thumb/v7-m/nofp/libm.a(lib_a-s_sin.o)
__aeabi_f2d                                       /usr/lib/gcc/arm-none-eabi/10.3.1/thumb/v7-m/nofp/libgcc.a(_arm_addsubdf3.o)
__aeabi_i2d                                       /usr/lib/gcc/arm-none-eabi/10.3.1/thumb/v7-m/nofp/libgcc.a(_arm_addsubdf3.o)
                                                  /tmp/output.elf.S4J7EQ.ltrans0.ltrans.o
                                                  /usr/lib/gcc/arm-none-eabi/10.3.1/../../../arm-none-eabi/lib/thumb/v7-m/nofp/libm.a(lib_a-k_rem_pio2.o)
                                                  /usr/lib/gcc/arm-none-eabi/10.3.1/../../../arm-none-eabi/lib/thumb/v7-m/nofp/libm.a(lib_a-e_rem_pio2.o)
__aeabi_l2d                                       /usr/lib/gcc/arm-none-eabi/10.3.1/thumb/v7-m/nofp/libgcc.a(_arm_addsubdf3.o)
__aeabi_ui2d                                      /usr/lib/gcc/arm-none-eabi/10.3.1/thumb/v7-m/nofp/libgcc.a(_arm_addsubdf3.o)
                                                  /tmp/output.elf.S4J7EQ.ltrans0.ltrans.o
__aeabi_ul2d                                      /usr/lib/gcc/arm-none-eabi/10.3.1/thumb/v7-m/nofp/libgcc.a(_arm_addsubdf3.o)
__atexit_dummy                                    /usr/lib/gcc/arm-none-eabi/10.3.1/../../../arm-none-eabi/lib/thumb/v7-m/nofp/libc_nano.a(lib_a-__atexit.o)
__bss_end__                                       build/startup_MDR32F9Qx.o
                                                  /usr/lib/gcc/arm-none-eabi/10.3.1/../../../arm-none-eabi/lib/thumb/v7-m/nofp/crt0.o
__bss_start__                                     build/startup_MDR32F9Qx.o
                                                  /usr/lib/gcc/arm-none-eabi/10.3.1/../../../arm-none-eabi/lib/thumb/v7-m/nofp/crt0.o
__call_exitprocs                                  /usr/lib/gcc/arm-none-eabi/10.3.1/../../../arm-none-eabi/lib/thumb/v7-m/nofp/libc_nano.a(lib_a-__call_atexit.o)
                                                  /usr/lib/gcc/arm-none-eabi/10.3.1/../../../arm-none-eabi/lib/thumb/v7-m/nofp/libc_nano.a(lib_a-__atexit.o)
                                                  /usr/lib/gcc/arm-none-eabi/10.3.1/../../../arm-none-eabi/lib/thumb/v7-m/nofp/libc_nano.a(lib_a-exit.o)
__cmpdf2                                          /usr/lib/gcc/arm-none-eabi/10.3.1/thumb/v7-m/nofp/libgcc.a(_arm_cmpdf2.o)
__data_end__                                      build/startup_MDR32F9Qx.o
__data_start__                                    build/startup_MDR32F9Qx.o
__deregister_frame_info                           /usr/lib/gcc/arm-none-eabi/10.3.1/thumb/v7-m/nofp/crtbegin.o
__divdf3                                          /usr/lib/gcc/arm-none-eabi/10.3.1/thumb/v7-m/nofp/libgcc.a(_arm_muldivdf3.o)
__dso_handle                                      /usr/lib/gcc/arm-none-eabi/10.3.1/thumb/v7-m/nofp/crtbegin.o
__eqdf2                                           /usr/lib/gcc/arm-none-eabi/10.3.1/thumb/v7-m/nofp/libgcc.a(_arm_cmpdf2.o)
__etext                                           build/startup_MDR32F9Qx.o
__extendsfdf2                                     /usr/lib/gcc/arm-none-eabi/10.3.1/thumb/v7-m/nofp/libgcc.a(_arm_addsubdf3.o)
__fini_array_end                                  /usr/lib/gcc/arm-none-eabi/10.3.1/../../../arm-none-eabi/lib/thumb/v7-m/nofp/libc_nano.a(lib_a-fini.o)
__fini_array_start                                /usr/lib/gcc/arm-none-eabi/10.3.1/../../../arm-none-eabi/lib/thumb/v7-m/nofp/libc_nano.a(lib_a-fini.o)
__fixdfsi                                         /usr/lib/gcc/arm-none-eabi/10.3.1/thumb/v7-m/nofp/libgcc.a(_arm_fixdfsi.o)
__fixunsdfsi                                      /usr/lib/gcc/arm-none-eabi/10.3.1/thumb/v7-m/nofp/libgcc.a(_arm_fixunsdfsi.o)
__floatdidf                                       /usr/lib/gcc/arm-none-eabi/10.3.1/thumb/v7-m/nofp/libgcc.a(_arm_addsubdf3.o)
__floatsidf                                       /usr/lib/gcc/arm-none-eabi/10.3.1/thumb/v7-m/nofp/libgcc.a(_arm_addsubdf3.o)
__floatundidf                                     /usr/lib/gcc/arm-none-eabi/10.3.1/thumb/v7-m/nofp/libgcc.a(_arm_addsubdf3.o)
__floatunsidf                                     /usr/lib/gcc/arm-none-eabi/10.3.1/thumb/v7-m/nofp/libgcc.a(_arm_addsubdf3.o)
__gedf2                                           /usr/lib/gcc/arm-none-eabi/10.3.1/thumb/v7-m/nofp/libgcc.a(_arm_cmpdf2.o)
__gtdf2                                           /usr/lib/gcc/arm-none-eabi/10.3.1/thumb/v7-m/nofp/libgcc.a(_arm_cmpdf2.o)
__ieee754_rem_pio2                                /usr/lib/gcc/arm-none-eabi/10.3.1/../../../arm-none-eabi/lib/thumb/v7-m/nofp/libm.a(lib_a-e_rem_pio2.o)
                                                  /usr/lib/gcc/arm-none-eabi/10.3.1/../../../arm-none-eabi/lib/thumb/v7-m/nofp/libm.a(lib_a-s_sin.o)
__init_array_end                                  /usr/lib/gcc/arm-none-eabi/10.3.1/../../../arm-none-eabi/lib/thumb/v7-m/nofp/libc_nano.a(lib_a-init.o)
__init_array_start                                /usr/lib/gcc/arm-none-eabi/10.3.1/../../../arm-none-eabi/lib/thumb/v7-m/nofp/libc_nano.a(lib_a-init.o)
__isr_vector                                      build/startup_MDR32F9Qx.o
__kernel_cos                                      /usr/lib/gcc/arm-none-eabi/10.3.1/../../../arm-none-eabi/lib/thumb/v7-m/nofp/libm.a(lib_a-k_cos.o)
                                                  /usr/lib/gcc/arm-none-eabi/10.3.1/../../../arm-none-eabi/lib/thumb/v7-m/nofp/libm.a(lib_a-s_sin.o)
__kernel_rem_pio2                                 /usr/lib/gcc/arm-none-eabi/10.3.1/../../../arm-none-eabi/lib/thumb/v7-m/nofp/libm.a(lib_a-k_rem_pio2.o)
                                                  /usr/lib/gcc/arm-none-eabi/10.3.1/../../../arm-none-eabi/lib/thumb/v7-m/nofp/libm.a(lib_a-e_rem_pio2.o)
__kernel_sin                                      /usr/lib/gcc/arm-none-eabi/10.3.1/../../../arm-none-eabi/lib/thumb/v7-m/nofp/libm.a(lib_a-k_sin.o)
                                                  /usr/lib/gcc/arm-none-eabi/10.3.1/../../../arm-none-eabi/lib/thumb/v7-m/nofp/libm.a(lib_a-s_sin.o)
__ledf2                                           /usr/lib/gcc/arm-none-eabi/10.3.1/thumb/v7-m/nofp/libgcc.a(_arm_cmpdf2.o)
__libc_fini_array                                 /usr/lib/gcc/arm-none-eabi/10.3.1/../../../arm-none-eabi/lib/thumb/v7-m/nofp/libc_nano.a(lib_a-fini.o)
                                                  /usr/lib/gcc/arm-none-eabi/10.3.1/../../../arm-none-eabi/lib/thumb/v7-m/nofp/crt0.o
__libc_init_array                                 /usr/lib/gcc/arm-none-eabi/10.3.1/../../../arm-none-eabi/lib/thumb/v7-m/nofp/libc_nano.a(lib_a-init.o)
                                                  /usr/lib/gcc/arm-none-eabi/10.3.1/../../../arm-none-eabi/lib/thumb/v7-m/nofp/crt0.o
__ltdf2                                           /usr/lib/gcc/arm-none-eabi/10.3.1/thumb/v7-m/nofp/libgcc.a(_arm_cmpdf2.o)
__muldf3                                          /usr/lib/gcc/arm-none-eabi/10.3.1/thumb/v7-m/nofp/libgcc.a(_arm_muldivdf3.o)
                                                  /usr/lib/gcc/arm-none-eabi/10.3.1/thumb/v7-m/nofp/libgcc.a(_arm_muldf3.o)
__nedf2                                           /usr/lib/gcc/arm-none-eabi/10.3.1/thumb/v7-m/nofp/libgcc.a(_arm_cmpdf2.o)